 main

 Timestamp is 65732a0b (Fri Dec  8 15:36:59 2023)

 Preferred load address is 0000000140000000

 Start         Length     Name                   Class
 0001:00000000 0000e370H .text$mn                CODE
 0001:0000e370 00000040H .text$mn$00             CODE
 0001:0000e3b0 00000a70H .text$mn$21             CODE
 0001:0000ee20 00000440H .text$x                 CODE
 0002:00000000 000002b0H .idata$5                DATA
 0002:000002b0 00000038H .00cfg                  DATA
 0002:000002e8 00000008H .CRT$XCA                DATA
 0002:000002f0 00000008H .CRT$XCAA               DATA
 0002:000002f8 00000008H .CRT$XCZ                DATA
 0002:00000300 00000008H .CRT$XIA                DATA
 0002:00000308 00000008H .CRT$XIAA               DATA
 0002:00000310 00000008H .CRT$XIAC               DATA
 0002:00000318 00000020H .CRT$XIC                DATA
 0002:00000338 00000008H .CRT$XIZ                DATA
 0002:00000340 00000008H .CRT$XPA                DATA
 0002:00000348 00000010H .CRT$XPX                DATA
 0002:00000358 00000008H .CRT$XPXA               DATA
 0002:00000360 00000008H .CRT$XPZ                DATA
 0002:00000368 00000008H .CRT$XTA                DATA
 0002:00000370 00000010H .CRT$XTZ                DATA
 0002:00000378 00000000H .gehcont$y              DATA
 0002:00000378 00000000H .gfids$y                DATA
 0002:00000380 00007750H .rdata                  DATA
 0002:00007ad0 000001b0H .rdata$00               DATA
 0002:00007c80 00000000H .rdata$CastGuardVftablesA DATA
 0002:00007c80 00000000H .rdata$CastGuardVftablesC DATA
 0002:00007c80 00000274H .rdata$r                DATA
 0002:00007ef4 00000208H .rdata$voltmd           DATA
 0002:000080fc 000003a4H .rdata$zzzdbg           DATA
 0002:000084a0 00000008H .rtc$IAA                DATA
 0002:000084a8 00000008H .rtc$IZZ                DATA
 0002:000084b0 00000008H .rtc$TAA                DATA
 0002:000084b8 00000008H .rtc$TZZ                DATA
 0002:000084c0 00000d58H .xdata                  DATA
 0002:00009218 0000014cH .xdata$x                DATA
 0002:00009364 00000000H .edata                  DATA
 0002:00009364 0000003cH .idata$2                DATA
 0002:000093a0 00000018H .idata$3                DATA
 0002:000093b8 000002b0H .idata$4                DATA
 0002:00009668 000005feH .idata$6                DATA
 0003:00000000 00000a30H .data                   DATA
 0003:00000a30 000000a8H .data$r                 DATA
 0003:00000ad8 00000028H .data$rs                DATA
 0003:00000b00 000011d8H .bss                    DATA
 0004:00000000 00001068H .pdata                  DATA
 0005:00000000 000001f4H _RDATA                  DATA

  Address         Publics by Value              Rva+Base               Lib:Object

 0000:00000000       __AbsoluteZero             0000000000000000     <absolute>
 0000:00000000       ___safe_se_handler_count   0000000000000000     <absolute>
 0000:00000000       ___safe_se_handler_table   0000000000000000     <absolute>
 0000:00000000       __arm64x_extra_rfe_table   0000000000000000     <absolute>
 0000:00000000       __arm64x_extra_rfe_table_size 0000000000000000     <absolute>
 0000:00000000       __arm64x_native_entrypoint 0000000000000000     <absolute>
 0000:00000000       __arm64x_redirection_metadata 0000000000000000     <absolute>
 0000:00000000       __arm64x_redirection_metadata_count 0000000000000000     <absolute>
 0000:00000000       __dynamic_value_reloc_table 0000000000000000     <absolute>
 0000:00000000       __enclave_config           0000000000000000     <absolute>
 0000:00000000       __guard_check_icall_a64n_fptr 0000000000000000     <absolute>
 0000:00000000       __guard_eh_cont_count      0000000000000000     <absolute>
 0000:00000000       __guard_eh_cont_table      0000000000000000     <absolute>
 0000:00000000       __guard_fids_count         0000000000000000     <absolute>
 0000:00000000       __guard_fids_table         0000000000000000     <absolute>
 0000:00000000       __guard_iat_count          0000000000000000     <absolute>
 0000:00000000       __guard_iat_table          0000000000000000     <absolute>
 0000:00000000       __guard_longjmp_count      0000000000000000     <absolute>
 0000:00000000       __guard_longjmp_table      0000000000000000     <absolute>
 0000:00000000       __hybrid_auxiliary_delayload_iat 0000000000000000     <absolute>
 0000:00000000       __hybrid_auxiliary_delayload_iat_copy 0000000000000000     <absolute>
 0000:00000000       __hybrid_auxiliary_iat     0000000000000000     <absolute>
 0000:00000000       __hybrid_auxiliary_iat_copy 0000000000000000     <absolute>
 0000:00000000       __hybrid_code_map          0000000000000000     <absolute>
 0000:00000000       __hybrid_code_map_count    0000000000000000     <absolute>
 0000:00000000       __hybrid_image_info_bitfield 0000000000000000     <absolute>
 0000:00000000       __x64_code_ranges_to_entry_points 0000000000000000     <absolute>
 0000:00000000       __x64_code_ranges_to_entry_points_count 0000000000000000     <absolute>
 0000:00000100       __guard_flags              0000000000000100     <absolute>
 0000:00000000       __ImageBase                0000000140000000     <linker-defined>
 0001:00000000       WinMain                    0000000140001000 f   main.obj
 0001:00000150       ?InitApplication@@YAGPEAUHINSTANCE__@@PEBD@Z 0000000140001150 f   main.obj
 0001:000001d0       ?InitInstance@@YA_NPEAUHINSTANCE__@@HPEBD@Z 00000001400011d0 f   main.obj
 0001:000002a0       ?WindowCallBack@@YA_JPEAUHWND__@@I_K_J@Z 00000001400012a0 f   main.obj
 0001:00000310       ??0FrameBuffer@@QEAA@PEAUHWND__@@PEAUHDC__@@@Z 0000000140001310 f   FrameBuffer.obj
 0001:00000410       ?Fill@FrameBuffer@@QEAAXXZ 0000000140001410 f   FrameBuffer.obj
 0001:000004a0       ?Render@FrameBuffer@@QEAAXXZ 00000001400014a0 f   FrameBuffer.obj
 0001:00000620       ??1FrameBuffer@@QEAA@XZ    0000000140001620 f   FrameBuffer.obj
 0001:00000648       ??_U@YAPEAX_K@Z            0000000140001648 f   LIBCMT:new_array.obj
 0001:00000650       ??3@YAXPEAX_K@Z            0000000140001650 f   LIBCMT:delete_scalar_size.obj
 0001:00000650       ??_V@YAXPEAX@Z             0000000140001650 f   LIBCMT:delete_array.obj
 0001:00000658       __GSHandlerCheck           0000000140001658 f   LIBCMT:gshandler.obj
 0001:00000678       __GSHandlerCheckCommon     0000000140001678 f   LIBCMT:gshandler.obj
 0001:000006f0       __security_check_cookie    00000001400016f0 f   LIBCMT:amdsecgs.obj
 0001:00000968       WinMainCRTStartup          0000000140001968 f   LIBCMT:exe_winmain.obj
 0001:0000097c       ??2@YAPEAX_K@Z             000000014000197c f   LIBCMT:new_scalar.obj
 0001:000009b8       ??3@YAXPEAX@Z              00000001400019b8 f   LIBCMT:delete_scalar.obj
 0001:000009c0       __raise_securityfailure    00000001400019c0 f   LIBCMT:gs_report.obj
 0001:000009f4       __report_gsfailure         00000001400019f4 f   LIBCMT:gs_report.obj
 0001:00000ac8       __report_rangecheckfailure 0000000140001ac8 f   LIBCMT:gs_report.obj
 0001:00000adc       __report_securityfailure   0000000140001adc f   LIBCMT:gs_report.obj
 0001:00000c5c       __scrt_acquire_startup_lock 0000000140001c5c f   LIBCMT:utility.obj
 0001:00000c98       __scrt_initialize_crt      0000000140001c98 f   LIBCMT:utility.obj
 0001:00000cd4       __scrt_initialize_onexit_tables 0000000140001cd4 f   LIBCMT:utility.obj
 0001:00000d60       __scrt_is_nonwritable_in_current_image 0000000140001d60 f   LIBCMT:utility.obj
 0001:00000df8       __scrt_release_startup_lock 0000000140001df8 f   LIBCMT:utility.obj
 0001:00000e1c       __scrt_uninitialize_crt    0000000140001e1c f   LIBCMT:utility.obj
 0001:00000e48       _onexit                    0000000140001e48 f   LIBCMT:utility.obj
 0001:00000e84       atexit                     0000000140001e84 f   LIBCMT:utility.obj
 0001:00000e9c       __security_init_cookie     0000000140001e9c f   LIBCMT:gs_support.obj
 0001:00000f48       __scrt_exe_initialize_mta  0000000140001f48 f   LIBCMT:utility_desktop.obj
 0001:00000f48       __scrt_initialize_winrt    0000000140001f48 f   LIBCMT:utility_desktop.obj
 0001:00000f48       __scrt_stub_for_initialize_mta 0000000140001f48 f   LIBCMT:utility_desktop.obj
 0001:00000f48       _get_startup_commit_mode   0000000140001f48 f   LIBCMT:commit_mode.obj
 0001:00000f48       _get_startup_new_mode      0000000140001f48 f   LIBCMT:new_mode.obj
 0001:00000f48       _get_startup_thread_locale_mode 0000000140001f48 f   LIBCMT:thread_locale.obj
 0001:00000f48       _matherr                   0000000140001f48 f   LIBCMT:matherr.obj
 0001:00000f4c       _get_startup_argv_mode     0000000140001f4c f   LIBCMT:argv_mode.obj
 0001:00000f54       _get_startup_file_mode     0000000140001f54 f   LIBCMT:file_mode.obj
 0001:00000f5c       ?__scrt_initialize_type_info@@YAXXZ 0000000140001f5c f   LIBCMT:tncleanup.obj
 0001:00000f6c       __acrt_uninitialize_command_line 0000000140001f6c f   libucrt:argv_data.obj
 0001:00000f6c       _should_initialize_environment 0000000140001f6c f   LIBCMT:env_mode.obj
 0001:00000f70       _guard_check_icall_nop     0000000140001f70 f   LIBCMT:guard_support.obj
 0001:00000f70       _initialize_denormal_control 0000000140001f70 f   LIBCMT:denormal_control.obj
 0001:00000f70       _initialize_invalid_parameter_handler 0000000140001f70 f   LIBCMT:invalid_parameter_handler.obj
 0001:00000f74       __local_stdio_printf_options 0000000140001f74 f i LIBCMT:default_local_stdio_options.obj
 0001:00000f7c       __local_stdio_scanf_options 0000000140001f7c f i LIBCMT:default_local_stdio_options.obj
 0001:00000f84       __scrt_initialize_default_local_stdio_options 0000000140001f84 f   LIBCMT:default_local_stdio_options.obj
 0001:00000fa0       __scrt_is_user_matherr_present 0000000140001fa0 f   LIBCMT:matherr_detection.obj
 0001:00000fac       __scrt_get_dyn_tls_init_callback 0000000140001fac f   LIBCMT:dyn_tls_init.obj
 0001:00000fb4       __scrt_get_dyn_tls_dtor_callback 0000000140001fb4 f   LIBCMT:dyn_tls_dtor.obj
 0001:00000fbc       __crt_debugger_hook        0000000140001fbc f   LIBCMT:utility_desktop.obj
 0001:00000fc4       __scrt_fastfail            0000000140001fc4 f   LIBCMT:utility_desktop.obj
 0001:0000110c       __scrt_get_show_window_mode 000000014000210c f   LIBCMT:utility_desktop.obj
 0001:00001148       __scrt_initialize_mta      0000000140002148 f   LIBCMT:utility_desktop.obj
 0001:00001150       __scrt_is_managed_app      0000000140002150 f   LIBCMT:utility_desktop.obj
 0001:000011a4       __scrt_set_unhandled_exception_filter 00000001400021a4 f   LIBCMT:utility_desktop.obj
 0001:000011b4       __scrt_unhandled_exception_filter 00000001400021b4 f   LIBCMT:utility_desktop.obj
 0001:00001210       _RTC_Initialize            0000000140002210 f   LIBCMT:initsect.obj
 0001:0000124c       _RTC_Terminate             000000014000224c f   LIBCMT:initsect.obj
 0001:00001288       ??0bad_alloc@std@@QEAA@AEBV01@@Z 0000000140002288 f i LIBCMT:throw_bad_alloc.obj
 0001:000012c4       ??0bad_alloc@std@@QEAA@XZ  00000001400022c4 f i LIBCMT:throw_bad_alloc.obj
 0001:000012e4       ??0bad_array_new_length@std@@QEAA@AEBV01@@Z 00000001400022e4 f i LIBCMT:throw_bad_alloc.obj
 0001:00001320       ??0bad_array_new_length@std@@QEAA@XZ 0000000140002320 f i LIBCMT:throw_bad_alloc.obj
 0001:00001340       ??0exception@std@@QEAA@AEBV01@@Z 0000000140002340 f i LIBCMT:throw_bad_alloc.obj
 0001:00001374       ??1bad_alloc@std@@UEAA@XZ  0000000140002374 f i LIBCMT:throw_bad_alloc.obj
 0001:00001374       ??1bad_array_new_length@std@@UEAA@XZ 0000000140002374 f i LIBCMT:throw_bad_alloc.obj
 0001:00001374       ??1bad_exception@std@@UEAA@XZ 0000000140002374 f i libvcruntime:frame.obj
 0001:00001388       ??_Ebad_alloc@std@@UEAAPEAXI@Z 0000000140002388 f i LIBCMT:throw_bad_alloc.obj
 0001:00001388       ??_Ebad_array_new_length@std@@UEAAPEAXI@Z 0000000140002388 f i LIBCMT:throw_bad_alloc.obj
 0001:00001388       ??_Ebad_exception@std@@UEAAPEAXI@Z 0000000140002388 f i libvcruntime:frame.obj
 0001:00001388       ??_Eexception@std@@UEAAPEAXI@Z 0000000140002388 f i LIBCMT:throw_bad_alloc.obj
 0001:00001388       ??_Gbad_alloc@std@@UEAAPEAXI@Z 0000000140002388 f i LIBCMT:throw_bad_alloc.obj
 0001:00001388       ??_Gbad_array_new_length@std@@UEAAPEAXI@Z 0000000140002388 f i LIBCMT:throw_bad_alloc.obj
 0001:00001388       ??_Gbad_exception@std@@UEAAPEAXI@Z 0000000140002388 f i libvcruntime:frame.obj
 0001:00001388       ??_Gexception@std@@UEAAPEAXI@Z 0000000140002388 f i LIBCMT:throw_bad_alloc.obj
 0001:000013cc       ?__scrt_throw_std_bad_alloc@@YAXXZ 00000001400023cc f   LIBCMT:throw_bad_alloc.obj
 0001:000013ec       ?__scrt_throw_std_bad_array_new_length@@YAXXZ 00000001400023ec f   LIBCMT:throw_bad_alloc.obj
 0001:0000140c       ?what@exception@std@@UEBAPEBDXZ 000000014000240c f i LIBCMT:throw_bad_alloc.obj
 0001:00001420       __isa_available_init       0000000140002420 f   LIBCMT:cpu_disp.obj
 0001:000015cc       __scrt_is_ucrt_dll_in_use  00000001400025cc f   LIBCMT:ucrt_detection.obj
 0001:000015e0       ??_Etype_info@@UEAAPEAXI@Z 00000001400025e0 f i LIBCMT:std_type_info_static.obj
 0001:000015e0       ??_Gtype_info@@UEAAPEAXI@Z 00000001400025e0 f i LIBCMT:std_type_info_static.obj
 0001:0000160c       __C_specific_handler       000000014000260c f   libvcruntime:riscchandler.obj
 0001:00001824       __vcrt_initialize          0000000140002824 f   libvcruntime:initialization.obj
 0001:0000184c       __vcrt_uninitialize        000000014000284c f   libvcruntime:initialization.obj
 0001:00001868       __std_type_info_compare    0000000140002868 f   libvcruntime:std_type_info.obj
 0001:00001890       __DestructExceptionObject  0000000140002890 f   libvcruntime:ehhelpers.obj
 0001:00001900       ?_CallMemberFunction0@@YAXQEAX0@Z 0000000140002900 f i libvcruntime:ehhelpers.obj
 0001:00001904       _IsExceptionObjectToBeDestroyed 0000000140002904 f   libvcruntime:ehhelpers.obj
 0001:00001934       __AdjustPointer            0000000140002934 f   libvcruntime:ehhelpers.obj
 0001:00001958       __FrameUnwindFilter        0000000140002958 f   libvcruntime:ehhelpers.obj
 0001:000019c0       __current_exception        00000001400029c0 f   libvcruntime:ehhelpers.obj
 0001:000019d4       __current_exception_context 00000001400029d4 f   libvcruntime:ehhelpers.obj
 0001:000019e8       __std_terminate            00000001400029e8 f   libvcruntime:ehhelpers.obj
 0001:00001a00       __std_exception_copy       0000000140002a00 f   libvcruntime:std_exception.obj
 0001:00001a90       __std_exception_destroy    0000000140002a90 f   libvcruntime:std_exception.obj
 0001:00001ab8       _CxxThrowException         0000000140002ab8 f   libvcruntime:throw.obj
 0001:00001b90       _NLG_Notify                0000000140002b90 f   libvcruntime:notify.obj
 0001:00001bb0       __NLG_Dispatch2            0000000140002bb0 f   libvcruntime:notify.obj
 0001:00001bc0       __NLG_Return2              0000000140002bc0 f   libvcruntime:notify.obj
 0001:00001bc4       __except_validate_context_record 0000000140002bc4 f   libvcruntime:jbcxrval.obj
 0001:00001bfc       __vcrt_freefls             0000000140002bfc f   libvcruntime:per_thread_data.obj
 0001:00001c1c       __vcrt_getptd              0000000140002c1c f   libvcruntime:per_thread_data.obj
 0001:00001c38       __vcrt_getptd_noexit       0000000140002c38 f   libvcruntime:per_thread_data.obj
 0001:00001cf8       __vcrt_initialize_ptd      0000000140002cf8 f   libvcruntime:per_thread_data.obj
 0001:00001d40       __vcrt_uninitialize_ptd    0000000140002d40 f   libvcruntime:per_thread_data.obj
 0001:00001d64       __vcrt_initialize_locks    0000000140002d64 f   libvcruntime:locks.obj
 0001:00001dac       __vcrt_uninitialize_locks  0000000140002dac f   libvcruntime:locks.obj
 0001:00001f34       __vcrt_FlsAlloc            0000000140002f34 f   libvcruntime:winapi_downlevel.obj
 0001:00001f7c       __vcrt_FlsFree             0000000140002f7c f   libvcruntime:winapi_downlevel.obj
 0001:00001fc4       __vcrt_FlsGetValue         0000000140002fc4 f   libvcruntime:winapi_downlevel.obj
 0001:0000200c       __vcrt_FlsSetValue         000000014000300c f   libvcruntime:winapi_downlevel.obj
 0001:00002060       __vcrt_InitializeCriticalSectionEx 0000000140003060 f   libvcruntime:winapi_downlevel.obj
 0001:000020c4       ??$_CallSETranslator@V__FrameHandler3@@@@YAHPEAUEHExceptionRecord@@PEA_KPEAU_CONTEXT@@PEAU_xDISPATCHER_CONTEXT@@PEBU_s_FuncInfo@@K1H@Z 00000001400030c4 f i libvcruntime:risctrnsctrl.obj
 0001:00002118       ?CatchTryBlock@__FrameHandler3@@SAPEBU_s_TryBlockMapEntry@@PEBU_s_FuncInfo@@H@Z 0000000140003118 f   libvcruntime:risctrnsctrl.obj
 0001:0000217c       ?ExecutionInCatch@__FrameHandler3@@SA_NPEAU_xDISPATCHER_CONTEXT@@PEBU_s_FuncInfo@@@Z 000000014000317c f   libvcruntime:risctrnsctrl.obj
 0001:000021a8       ?FrameUnwindToEmptyState@__FrameHandler3@@SAXPEA_KPEAU_xDISPATCHER_CONTEXT@@PEBU_s_FuncInfo@@@Z 00000001400031a8 f   libvcruntime:risctrnsctrl.obj
 0001:0000220c       ?GetEstablisherFrame@__FrameHandler3@@SAPEA_KPEA_KPEAU_xDISPATCHER_CONTEXT@@PEBU_s_FuncInfo@@0@Z 000000014000320c f   libvcruntime:risctrnsctrl.obj
 0001:000022dc       ?GetRangeOfTrysToCheck@__FrameHandler3@@SA?AU?$pair@Viterator@TryBlockMap@__FrameHandler3@@V123@@std@@AEAVTryBlockMap@1@HPEAU_xDISPATCHER_CONTEXT@@PEBU_s_FuncInfo@@H@Z 00000001400032dc f   libvcruntime:risctrnsctrl.obj
 0001:00002410       ?UnwindNestedFrames@__FrameHandler3@@SAXPEA_KPEAUEHExceptionRecord@@PEAU_CONTEXT@@0PEAXPEBU_s_FuncInfo@@HHPEBU_s_HandlerType@@PEAU_xDISPATCHER_CONTEXT@@E@Z 0000000140003410 f   libvcruntime:risctrnsctrl.obj
 0001:00002514       _CreateFrameInfo           0000000140003514 f   libvcruntime:risctrnsctrl.obj
 0001:00002550       _FindAndUnlinkFrame        0000000140003550 f   libvcruntime:risctrnsctrl.obj
 0001:000025a4       _GetImageBase              00000001400035a4 f   libvcruntime:risctrnsctrl.obj
 0001:000025b8       _GetThrowImageBase         00000001400035b8 f   libvcruntime:risctrnsctrl.obj
 0001:000025cc       _SetImageBase              00000001400035cc f   libvcruntime:risctrnsctrl.obj
 0001:000025e4       _SetThrowImageBase         00000001400035e4 f   libvcruntime:risctrnsctrl.obj
 0001:000025fc       __CxxFrameHandler3         00000001400035fc f   libvcruntime:risctrnsctrl.obj
 0001:00002690       ?GetCurrentState@__FrameHandler3@@SAHPEA_KPEAU_xDISPATCHER_CONTEXT@@PEBU_s_FuncInfo@@@Z 0000000140003690 f   libvcruntime:ehstate.obj
 0001:000026b8       ?GetUnwindTryBlock@__FrameHandler3@@SAHPEA_KPEAU_xDISPATCHER_CONTEXT@@PEBU_s_FuncInfo@@@Z 00000001400036b8 f   libvcruntime:ehstate.obj
 0001:000026e4       ?SetState@__FrameHandler3@@SAXPEA_KPEBU_s_FuncInfo@@H@Z 00000001400036e4 f   libvcruntime:ehstate.obj
 0001:000026f0       ?SetUnwindTryBlock@__FrameHandler3@@SAXPEA_KPEAU_xDISPATCHER_CONTEXT@@PEBU_s_FuncInfo@@H@Z 00000001400036f0 f   libvcruntime:ehstate.obj
 0001:0000272c       ?StateFromControlPc@__FrameHandler3@@SAHPEBU_s_FuncInfo@@PEAU_xDISPATCHER_CONTEXT@@@Z 000000014000372c f   libvcruntime:ehstate.obj
 0001:00002734       ?StateFromIp@__FrameHandler3@@SAHPEBU_s_FuncInfo@@PEAU_xDISPATCHER_CONTEXT@@_K@Z 0000000140003734 f   libvcruntime:ehstate.obj
 0001:00003270       ??$TypeMatchHelper@V__FrameHandler3@@@@YAHPEBU_s_HandlerType@@PEBU_s_CatchableType@@PEBU_s_ThrowInfo@@@Z 0000000140004270 f i libvcruntime:frame.obj
 0001:000033b0       ??$__InternalCxxFrameHandler@V__FrameHandler3@@@@YA?AW4_EXCEPTION_DISPOSITION@@PEAUEHExceptionRecord@@PEA_KPEAU_CONTEXT@@PEAU_xDISPATCHER_CONTEXT@@PEBU_s_FuncInfo@@H1E@Z 00000001400043b0 f i libvcruntime:frame.obj
 0001:000035e8       ??$__InternalCxxFrameHandlerWrapper@V__FrameHandler3@@@@YA?AW4_EXCEPTION_DISPOSITION@@PEAUEHExceptionRecord@@PEA_KPEAU_CONTEXT@@PEAU_xDISPATCHER_CONTEXT@@PEBU_s_FuncInfo@@H1E@Z 00000001400045e8 f i libvcruntime:frame.obj
 0001:000035f0       ??0bad_exception@std@@QEAA@AEBV01@@Z 00000001400045f0 f i libvcruntime:frame.obj
 0001:0000362c       ??0bad_exception@std@@QEAA@XZ 000000014000462c f i libvcruntime:frame.obj
 0001:0000364c       ?CxxCallCatchBlock@__FrameHandler3@@SAPEAXPEAU_EXCEPTION_RECORD@@@Z 000000014000464c f   libvcruntime:frame.obj
 0001:000038bc       ?FrameUnwindToState@__FrameHandler3@@SAXPEA_KPEAU_xDISPATCHER_CONTEXT@@PEBU_s_FuncInfo@@H@Z 00000001400048bc f   libvcruntime:frame.obj
 0001:00003a48       ?GetHandlerSearchState@__FrameHandler3@@SAHPEA_KPEAU_xDISPATCHER_CONTEXT@@PEBU_s_FuncInfo@@@Z 0000000140004a48 f i libvcruntime:frame.obj
 0001:00003c58       ?_CallMemberFunction1@@YAXQEAX00@Z 0000000140004c58 f i libvcruntime:frame.obj
 0001:00003c64       ?_CallMemberFunction2@@YAXQEAX00H@Z 0000000140004c64 f i libvcruntime:frame.obj
 0001:00003cc0       _CallSettingFrame          0000000140004cc0 f   libvcruntime:handlers.obj
 0001:00003d10       memcpy_avx_ermsb_Intel     0000000140004d10 f   libvcruntime:memcpy_avx_ermsb_aligned.obj
 0001:00004140       memcpy_avx_ermsb_amd       0000000140005140 f   libvcruntime:memcpy_avx_ermsb_aligned_amd.obj
 0001:00004570       memcpy_sse2_ermsb_Intel    0000000140005570 f   libvcruntime:memcpy_sse2_ermsb_aligned.obj
 0001:00004820       memcpy_sse2_ermsb_amd      0000000140005820 f   libvcruntime:memcpy_sse2_ermsb_aligned_amd.obj
 0001:00004ad0       memcpy_repmovs_Intel       0000000140005ad0 f   libvcruntime:memcpy_repmovs.obj
 0001:00004af0       memcpy_CopyDown_Intel      0000000140005af0 f   libvcruntime:memcpy_CopyDown.obj
 0001:00004be0       memcpy_repmovs_amd         0000000140005be0 f   libvcruntime:memcpy_repmovs_amd.obj
 0001:00004c00       memcpy_CopyDown_amd        0000000140005c00 f   libvcruntime:memcpy_CopyDown_amd.obj
 0001:00004ce0       _seh_filter_exe            0000000140005ce0 f   libucrt:exception_filter.obj
 0001:00004e64       _query_app_type            0000000140005e64 f   libucrt:report_runtime_error.obj
 0001:00004e6c       _set_app_type              0000000140005e6c f   libucrt:report_runtime_error.obj
 0001:00004e74       __acrt_has_user_matherr    0000000140005e74 f   libucrt:matherr.obj
 0001:00004e94       __acrt_initialize_user_matherr 0000000140005e94 f   libucrt:matherr.obj
 0001:00004e9c       __acrt_invoke_user_matherr 0000000140005e9c f   libucrt:matherr.obj
 0001:00004ed8       __setusermatherr           0000000140005ed8 f   libucrt:matherr.obj
 0001:000050c8       __acrt_allocate_buffer_for_argv 00000001400060c8 f   libucrt:argv_parsing.obj
 0001:00005128       _configure_narrow_argv     0000000140006128 f   libucrt:argv_parsing.obj
 0001:000054b0       __dcrt_uninitialize_environments_nolock 00000001400064b0 f   libucrt:environment_initialization.obj
 0001:000054f4       _initialize_narrow_environment 00000001400064f4 f   libucrt:environment_initialization.obj
 0001:000054fc       _get_narrow_winmain_command_line 00000001400064fc f   libucrt:argv_winmain.obj
 0001:0000556c       _initterm                  000000014000656c f   libucrt:initterm.obj
 0001:000055b0       _initterm_e                00000001400065b0 f   libucrt:initterm.obj
 0001:0000588c       __acrt_initialize_thread_local_exit_callback 000000014000688c f   libucrt:exit.obj
 0001:00005894       _c_exit                    0000000140006894 f   libucrt:exit.obj
 0001:000058a4       _cexit                     00000001400068a4 f   libucrt:exit.obj
 0001:000058b4       _exit                      00000001400068b4 f   libucrt:exit.obj
 0001:000058c0       _register_thread_local_exe_atexit_callback 00000001400068c0 f   libucrt:exit.obj
 0001:00005900       exit                       0000000140006900 f   libucrt:exit.obj
 0001:0000590c       _set_fmode                 000000014000690c f   libucrt:setmode.obj
 0001:000059bc       __acrt_set_locale_changed  00000001400069bc f   libucrt:wsetlocale.obj
 0001:000059c8       __acrt_uninitialize_locale 00000001400069c8 f   libucrt:wsetlocale.obj
 0001:000059f8       _configthreadlocale        00000001400069f8 f   libucrt:wsetlocale.obj
 0001:00005a64       _query_new_mode            0000000140006a64 f   libucrt:new_mode.obj
 0001:00005a6c       _set_new_mode              0000000140006a6c f   libucrt:new_mode.obj
 0001:00005a98       __p__commode               0000000140006a98 f   libucrt:ncommode.obj
 0001:00005aa0       __acrt_initialize_new_handler 0000000140006aa0 f   libucrt:new_handler.obj
 0001:00005aa8       _callnewh                  0000000140006aa8 f   libucrt:new_handler.obj
 0001:00005ae8       _query_new_handler         0000000140006ae8 f   libucrt:new_handler.obj
 0001:00005b20       malloc                     0000000140006b20 f   libucrt:malloc.obj
 0001:00005b28       free                       0000000140006b28 f   libucrt:free.obj
 0001:00005e84       _crt_atexit                0000000140006e84 f   libucrt:onexit.obj
 0001:00005e94       _execute_onexit_table      0000000140006e94 f   libucrt:onexit.obj
 0001:00005ed8       _initialize_onexit_table   0000000140006ed8 f   libucrt:onexit.obj
 0001:00005f00       _register_onexit_function  0000000140006f00 f   libucrt:onexit.obj
 0001:00006074       __acrt_initialize          0000000140007074 f   libucrt:initialization.obj
 0001:00006088       __acrt_uninitialize        0000000140007088 f   libucrt:initialization.obj
 0001:000060c0       terminate                  00000001400070c0 f   libucrt:terminate.obj
 0001:000060ec       strcpy_s                   00000001400070ec f   libucrt:strcpy_s.obj
 0001:0000614c       abort                      000000014000714c f   libucrt:abort.obj
 0001:000061a4       calloc                     00000001400071a4 f   libucrt:calloc.obj
 0001:000061b0       ?get_raw_ptd@__crt_cached_ptd_host@@QEAAPEAU__acrt_ptd@@XZ 00000001400071b0 f i libucrt:output.obj
 0001:00006220       ?update_locale_slow@__crt_cached_ptd_host@@AEAAXXZ 0000000140007220 f i libucrt:output.obj
 0001:000062b0       strncmp                    00000001400072b0 f   libucrt:strncmp.obj
 0001:00006330       wcsncmp                    0000000140007330 f   libucrt:wcsncmp.obj
 0001:000066d4       __acrt_getptd              00000001400076d4 f   libucrt:per_thread_data.obj
 0001:000067a8       __acrt_getptd_head         00000001400077a8 f   libucrt:per_thread_data.obj
 0001:0000684c       __acrt_getptd_noexit       000000014000784c f   libucrt:per_thread_data.obj
 0001:00006914       __acrt_getptd_noexit_explicit 0000000140007914 f   libucrt:per_thread_data.obj
 0001:000069d4       __acrt_initialize_ptd      00000001400079d4 f   libucrt:per_thread_data.obj
 0001:00006a10       __acrt_uninitialize_ptd    0000000140007a10 f   libucrt:per_thread_data.obj
 0001:00006a34       ?get_raw_ptd_noexit@__crt_cached_ptd_host@@QEAAPEAU__acrt_ptd@@XZ 0000000140007a34 f i libucrt:invalid_parameter.obj
 0001:00006aa0       ?value@?$dual_state_global@P6AXPEB_W00I_K@Z@__crt_state_management@@QEAAAEAP6AXPEB_W00I_K@ZAEAV__crt_cached_ptd_host@@@Z 0000000140007aa0 f i libucrt:invalid_parameter.obj
 0001:00006aec       __acrt_call_reportfault    0000000140007aec f   libucrt:invalid_parameter.obj
 0001:00006c48       __acrt_initialize_invalid_parameter_handler 0000000140007c48 f   libucrt:invalid_parameter.obj
 0001:00006c50       _invalid_parameter         0000000140007c50 f   libucrt:invalid_parameter.obj
 0001:00006cec       _invalid_parameter_internal 0000000140007cec f   libucrt:invalid_parameter.obj
 0001:00006db8       _invalid_parameter_noinfo  0000000140007db8 f   libucrt:invalid_parameter.obj
 0001:00006dd8       _invoke_watson             0000000140007dd8 f   libucrt:invalid_parameter.obj
 0001:00006e20       __acrt_errno_from_os_error 0000000140007e20 f   libucrt:errno.obj
 0001:00006e68       __acrt_errno_map_os_error  0000000140007e68 f   libucrt:errno.obj
 0001:00006eb0       __acrt_errno_map_os_error_ptd 0000000140007eb0 f   libucrt:errno.obj
 0001:00006ed4       __doserrno                 0000000140007ed4 f   libucrt:errno.obj
 0001:00006ef4       _errno                     0000000140007ef4 f   libucrt:errno.obj
 0001:00006f14       _calloc_base               0000000140007f14 f   libucrt:calloc_base.obj
 0001:00006f8c       _free_base                 0000000140007f8c f   libucrt:free_base.obj
 0001:00006fdc       ??$__acrt_convert_wcs_mbs_cp@D_WV<lambda_7c9dea7b4ca7285d2cdb541a38da6275>@@U__crt_win32_buffer_internal_dynamic_resizing@@@@YAHQEBDAEAV?$__crt_win32_buffer@_WU__crt_win32_buffer_internal_dynamic_resizing@@@@AEBV<lambda_7c9dea7b4ca7285d2cdb541a38da6275>@@I@Z 0000000140007fdc f i libucrt:argv_wildcards.obj
 0001:00007158       ??$__acrt_convert_wcs_mbs_cp@_WDV<lambda_d8593a27d1aa8c02be35c86a17d324c4>@@U__crt_win32_buffer_internal_dynamic_resizing@@@@YAHQEB_WAEAV?$__crt_win32_buffer@DU__crt_win32_buffer_internal_dynamic_resizing@@@@AEBV<lambda_d8593a27d1aa8c02be35c86a17d324c4>@@I@Z 0000000140008158 f i libucrt:argv_wildcards.obj
 0001:000079fc       ??0_LocaleUpdate@@QEAA@QEAU__crt_locale_pointers@@@Z 00000001400089fc f i libucrt:argv_wildcards.obj
 0001:00007a98       __acrt_expand_narrow_argv_wildcards 0000000140008a98 f   libucrt:argv_wildcards.obj
 0001:00007aa0       ??$__acrt_convert_wcs_mbs_cp@_WDV<lambda_f788ae46380686e8b737efdd8c720d07>@@U__crt_win32_buffer_no_resizing@@@@YAHQEB_WAEAV?$__crt_win32_buffer@DU__crt_win32_buffer_no_resizing@@@@AEBV<lambda_f788ae46380686e8b737efdd8c720d07>@@I@Z 0000000140008aa0 f i libucrt:getmodulefilenamea.obj
 0001:00007bbc       __acrt_GetModuleFileNameA  0000000140008bbc f   libucrt:getmodulefilenamea.obj
 0001:000084d8       __acrt_initialize_multibyte 00000001400094d8 f   libucrt:mbctype.obj
 0001:00008538       __acrt_update_thread_multibyte_data 0000000140009538 f   libucrt:mbctype.obj
 0001:00008554       _setmbcp_nolock            0000000140009554 f   libucrt:mbctype.obj
 0001:00008888       _ismbblead                 0000000140009888 f   libucrt:ismbbyte.obj
 0001:0000889c       __acrt_initialize_command_line 000000014000989c f   libucrt:argv_data.obj
 0001:000088c4       __acrt_MultiByteToWideChar 00000001400098c4 f   libucrt:multibytetowidechar.obj
 0001:00008954       __acrt_WideCharToMultiByte 0000000140009954 f   libucrt:widechartomultibyte.obj
 0001:00008a34       __dcrt_get_narrow_environment_from_os 0000000140009a34 f   libucrt:get_environment_from_os.obj
 0001:00008b44       __acrt_initialize_locks    0000000140009b44 f   libucrt:locks.obj
 0001:00008b8c       __acrt_lock                0000000140009b8c f   libucrt:locks.obj
 0001:00008ba8       __acrt_uninitialize_locks  0000000140009ba8 f   libucrt:locks.obj
 0001:00008be0       __acrt_unlock              0000000140009be0 f   libucrt:locks.obj
 0001:00008bfc       __acrt_app_verifier_enabled 0000000140009bfc f   libucrt:peb_access.obj
 0001:00008c18       __acrt_is_secure_process   0000000140009c18 f   libucrt:peb_access.obj
 0001:00008c30       __acrt_get_process_end_policy 0000000140009c30 f   libucrt:win_policies.obj
 0001:00008c60       __acrt_lowio_create_handle_array 0000000140009c60 f   libucrt:osfinfo.obj
 0001:00008d08       __acrt_lowio_destroy_handle_array 0000000140009d08 f   libucrt:osfinfo.obj
 0001:00008d58       __acrt_lowio_ensure_fh_exists 0000000140009d58 f   libucrt:osfinfo.obj
 0001:00008e00       __acrt_lowio_lock_fh       0000000140009e00 f   libucrt:osfinfo.obj
 0001:00008e28       __acrt_lowio_unlock_fh     0000000140009e28 f   libucrt:osfinfo.obj
 0001:00008e50       _free_osfhnd               0000000140009e50 f   libucrt:osfinfo.obj
 0001:00008f0c       _get_osfhandle             0000000140009f0c f   libucrt:osfinfo.obj
 0001:00008f84       __acrt_initialize_fmode    0000000140009f84 f   libucrt:txtmode.obj
 0001:00009198       __acrt_initialize_lowio    000000014000a198 f   libucrt:ioinit.obj
 0001:000091d4       __acrt_uninitialize_lowio  000000014000a1d4 f   libucrt:ioinit.obj
 0001:00009214       __acrt_locale_free_monetary 000000014000a214 f   libucrt:initmon.obj
 0001:00009320       __acrt_locale_free_numeric 000000014000a320 f   libucrt:initnum.obj
 0001:000093c0       __acrt_locale_free_time    000000014000a3c0 f   libucrt:inittime.obj
 0001:000094c8       _malloc_base               000000014000a4c8 f   libucrt:malloc_base.obj
 0001:00009528       __acrt_GetStringTypeA      000000014000a528 f   libucrt:getstringtypea.obj
 0001:000096b8       __acrt_add_locale_ref      000000014000a6b8 f   libucrt:locale_refcounting.obj
 0001:00009744       __acrt_free_locale         000000014000a744 f   libucrt:locale_refcounting.obj
 0001:000098bc       __acrt_locale_add_lc_time_reference 000000014000a8bc f   libucrt:locale_refcounting.obj
 0001:000098e4       __acrt_locale_free_lc_time_if_unreferenced 000000014000a8e4 f   libucrt:locale_refcounting.obj
 0001:0000991c       __acrt_locale_release_lc_time_reference 000000014000a91c f   libucrt:locale_refcounting.obj
 0001:00009944       __acrt_release_locale_ref  000000014000a944 f   libucrt:locale_refcounting.obj
 0001:000099ec       __acrt_update_thread_locale_data 000000014000a9ec f   libucrt:locale_refcounting.obj
 0001:00009a5c       _updatetlocinfoEx_nolock   000000014000aa5c f   libucrt:locale_refcounting.obj
 0001:00009c80       __acrt_AppPolicyGetProcessTerminationMethodInternal 000000014000ac80 f   libucrt:winapi_thunks.obj
 0001:00009cd8       __acrt_AreFileApisANSI     000000014000acd8 f   libucrt:winapi_thunks.obj
 0001:00009d1c       __acrt_FlsAlloc            000000014000ad1c f   libucrt:winapi_thunks.obj
 0001:00009d24       __acrt_FlsFree             000000014000ad24 f   libucrt:winapi_thunks.obj
 0001:00009d2c       __acrt_FlsGetValue         000000014000ad2c f   libucrt:winapi_thunks.obj
 0001:00009d34       __acrt_FlsSetValue         000000014000ad34 f   libucrt:winapi_thunks.obj
 0001:00009d3c       __acrt_InitializeCriticalSectionEx 000000014000ad3c f   libucrt:winapi_thunks.obj
 0001:00009dac       __acrt_LCMapStringEx       000000014000adac f   libucrt:winapi_thunks.obj
 0001:00009e98       __acrt_LocaleNameToLCID    000000014000ae98 f   libucrt:winapi_thunks.obj
 0001:00009ef8       __acrt_initialize_winapi_thunks 000000014000aef8 f   libucrt:winapi_thunks.obj
 0001:00009f1c       __acrt_uninitialize_winapi_thunks 000000014000af1c f   libucrt:winapi_thunks.obj
 0001:00009f60       _recalloc_base             000000014000af60 f   libucrt:recalloc.obj
 0001:00009ff8       __acrt_initialize_heap     000000014000aff8 f   libucrt:heap_handle.obj
 0001:0000a014       __acrt_uninitialize_heap   000000014000b014 f   libucrt:heap_handle.obj
 0001:0000a020       __acrt_execute_initializers 000000014000b020 f   libucrt:shared_initialization.obj
 0001:0000a0b4       __acrt_execute_uninitializers 000000014000b0b4 f   libucrt:shared_initialization.obj
 0001:0000a144       __acrt_get_sigabrt_handler 000000014000b144 f   libucrt:signal.obj
 0001:0000a174       __acrt_initialize_signal_handlers 000000014000b174 f   libucrt:signal.obj
 0001:0000a194       raise                      000000014000b194 f   libucrt:signal.obj
 0001:0000a5f0       __acrt_stdio_flush_nolock  000000014000b5f0 f   libucrt:fflush.obj
 0001:0000a67c       _fflush_nolock             000000014000b67c f   libucrt:fflush.obj
 0001:0000a750       _flushall                  000000014000b750 f   libucrt:fflush.obj
 0001:0000a758       __acrt_initialize_stdio    000000014000b758 f   libucrt:_file.obj
 0001:0000a878       __acrt_uninitialize_stdio  000000014000b878 f   libucrt:_file.obj
 0001:0000a8d4       _lock_file                 000000014000b8d4 f   libucrt:_file.obj
 0001:0000a8e0       _unlock_file               000000014000b8e0 f   libucrt:_file.obj
 0001:0000a8ec       __acrt_update_locale_info  000000014000b8ec f   libucrt:locale_update.obj
 0001:0000a920       __acrt_update_locale_info_explicit 000000014000b920 f   libucrt:locale_update.obj
 0001:0000a958       __acrt_update_multibyte_info 000000014000b958 f   libucrt:locale_update.obj
 0001:0000a98c       __acrt_update_multibyte_info_explicit 000000014000b98c f   libucrt:locale_update.obj
 0001:0000a9c4       _mbtowc_internal           000000014000b9c4 f   libucrt:mbtowc.obj
 0001:0000ab3c       _fileno                    000000014000bb3c f   libucrt:fileno.obj
 0001:0000ab70       qsort                      000000014000bb70 f   libucrt:qsort.obj
 0001:0000af80       strncpy_s                  000000014000bf80 f   libucrt:strncpy_s.obj
 0001:0000b110       strpbrk                    000000014000c110 f   libucrt:strpbrk.obj
 0001:0000b4d8       _mbsdec                    000000014000c4d8 f   libucrt:mbsdec.obj
 0001:0000b4e0       _mbsdec_l                  000000014000c4e0 f   libucrt:mbsdec.obj
 0001:0000b8a8       __acrt_LCMapStringA        000000014000c8a8 f   libucrt:lcmapstringa.obj
 0001:0000b958       __ascii_wcsnicmp           000000014000c958 f   libucrt:wcsnicmp.obj
 0001:0000b9a4       __acrt_DownlevelLocaleNameToLCID 000000014000c9a4 f   libucrt:lcidtoname_downlevel.obj
 0001:0000ba48       _msize_base                000000014000ca48 f   libucrt:msize.obj
 0001:0000ba84       _realloc_base              000000014000ca84 f   libucrt:realloc_base.obj
 0001:0000bb8c       _commit                    000000014000cb8c f   libucrt:commit.obj
 0001:0000c428       _write_internal            000000014000d428 f   libucrt:write.obj
 0001:0000c548       _write_nolock              000000014000d548 f   libucrt:write.obj
 0001:0000c850       _fcloseall                 000000014000d850 f   libucrt:closeall.obj
 0001:0000c904       __acrt_stdio_free_buffer_nolock 000000014000d904 f   libucrt:_freebuf.obj
 0001:0000c948       _isatty                    000000014000d948 f   libucrt:isatty.obj
 0001:0000c9a8       ?__mbrtowc_utf8@__crt_mbstring@@YA_KPEA_WPEBD_KPEAU_Mbstatet@@AEAV__crt_cached_ptd_host@@@Z 000000014000d9a8 f   libucrt:mbrtowc.obj
 0001:0000c9ec       ?__mbsrtowcs_utf8@__crt_mbstring@@YA_KPEA_WPEAPEBD_KPEAU_Mbstatet@@AEAV__crt_cached_ptd_host@@@Z 000000014000d9ec f   libucrt:mbrtowc.obj
 0001:0000cb90       __strncnt                  000000014000db90 f   libucrt:strncnt.obj
 0001:0000cc54       _lseeki64_nolock_internal  000000014000dc54 f   libucrt:lseek.obj
 0001:0000cc5c       _putwch_nolock             000000014000dc5c f   libucrt:putwch.obj
 0001:0000cdbc       fclose                     000000014000ddbc f   libucrt:fclose.obj
 0001:0000ce60       log10                      000000014000de60 f   libucrt:log10.obj
 0001:0000d40c       ?reset_and_return@__crt_mbstring@@YA_K_KPEAU_Mbstatet@@@Z 000000014000e40c f   libucrt:common_utf8.obj
 0001:0000d414       ?return_illegal_sequence@__crt_mbstring@@YA_KPEAU_Mbstatet@@AEAV__crt_cached_ptd_host@@@Z 000000014000e414 f   libucrt:common_utf8.obj
 0001:0000d428       ?__mbrtoc32_utf8@__crt_mbstring@@YA_KPEA_UPEBD_KPEAU_Mbstatet@@AEAV__crt_cached_ptd_host@@@Z 000000014000e428 f   libucrt:mbrtoc32.obj
 0001:0000d604       __dcrt_lowio_ensure_console_output_initialized 000000014000e604 f   libucrt:initcon.obj
 0001:0000d658       __dcrt_terminate_console_output 000000014000e658 f   libucrt:initcon.obj
 0001:0000d674       __dcrt_write_console       000000014000e674 f   libucrt:initcon.obj
 0001:0000d7ac       _close_internal            000000014000e7ac f   libucrt:close.obj
 0001:0000d870       _close_nolock_internal     000000014000e870 f   libucrt:close.obj
 0001:0000d940       ?__acrt_stdio_free_stream@@YAXV__crt_stdio_stream@@@Z 000000014000e940 f   libucrt:stream.obj
 0001:0000da80       _handle_error              000000014000ea80 f   libucrt:libm_error.obj
 0001:0000dbb0       __acrt_initialize_fma3     000000014000ebb0 f   libucrt:fma3_available.obj
 0001:0000dc20       _log10_special             000000014000ec20 f   libucrt:log_special.obj
 0001:0000dcf0       _get_fpsr                  000000014000ecf0 f   libucrt:fpsr.obj
 0001:0000dd00       _set_fpsr                  000000014000ed00 f   libucrt:fpsr.obj
 0001:0000dd0a       _fclrf                     000000014000ed0a f   libucrt:fpsr.obj
 0001:0000dd1e       _frnd                      000000014000ed1e f   libucrt:fpsr.obj
 0001:0000dd40       _raise_exc                 000000014000ed40 f   libucrt:fpexcept.obj
 0001:0000dd68       _raise_exc_ex              000000014000ed68 f   libucrt:fpexcept.obj
 0001:0000e070       _set_errno_from_matherr    000000014000f070 f   libucrt:fpexcept.obj
 0001:0000e0a0       _clrfp                     000000014000f0a0 f   libucrt:fpctrl.obj
 0001:0000e0c0       _ctrlfp                    000000014000f0c0 f   libucrt:fpctrl.obj
 0001:0000e13c       _set_statfp                000000014000f13c f   libucrt:fpctrl.obj
 0001:0000e15c       _statfp                    000000014000f15c f   libucrt:fpctrl.obj
 0001:0000e170       _FindPESection             000000014000f170 f   LIBCMT:pesect.obj
 0001:0000e1c0       _IsNonwritableInCurrentImage 000000014000f1c0 f   LIBCMT:pesect.obj
 0001:0000e210       _ValidateImageBase         000000014000f210 f   LIBCMT:pesect.obj
 0001:0000e250       __chkstk                   000000014000f250 f   LIBCMT:chkstk.obj
 0001:0000e250       _alloca_probe              000000014000f250 f   LIBCMT:chkstk.obj
 0001:0000e2a0       __GSHandlerCheck_EH        000000014000f2a0 f   LIBCMT:gshandlereh.obj
 0001:0000e320       __C_specific_handler_noexcept 000000014000f320 f   libvcruntime:chandler_noexcept.obj
 0001:0000e380       _guard_dispatch_icall_nop  000000014000f380 f   LIBCMT:guard_dispatch.obj
 0001:0000e3a0       _guard_xfg_dispatch_icall_nop 000000014000f3a0 f   LIBCMT:guard_xfg_dispatch.obj
 0001:0000e3d0       memset_repstos             000000014000f3d0 f   libvcruntime:memset.obj
 0001:0000e3e0       memset                     000000014000f3e0 f   libvcruntime:memset.obj
 0001:0000e790       memcpy_repmovs             000000014000f790 f   libvcruntime:memcpy.obj
 0001:0000e7a0       memcpy                     000000014000f7a0 f   libvcruntime:memcpy.obj
 0001:0000e7a0       memcpy_$fo_default$        000000014000f7a0     libvcruntime:memcpy.obj
 0001:0000e7a0       memmove                    000000014000f7a0 f   libvcruntime:memcpy.obj
 0002:00000000       __imp_StretchDIBits        0000000140011000     gdi32:GDI32.dll
 0002:00000008       \177GDI32_NULL_THUNK_DATA  0000000140011008     gdi32:GDI32.dll
 0002:00000010       __imp_CloseHandle          0000000140011010     kernel32:KERNEL32.dll
 0002:00000018       __imp_CreateFileW          0000000140011018     kernel32:KERNEL32.dll
 0002:00000020       __imp_WriteConsoleW        0000000140011020     kernel32:KERNEL32.dll
 0002:00000028       __imp_GetConsoleMode       0000000140011028     kernel32:KERNEL32.dll
 0002:00000030       __imp_GetConsoleOutputCP   0000000140011030     kernel32:KERNEL32.dll
 0002:00000038       __imp_FlushFileBuffers     0000000140011038     kernel32:KERNEL32.dll
 0002:00000040       __imp_HeapReAlloc          0000000140011040     kernel32:KERNEL32.dll
 0002:00000048       __imp_SetFilePointerEx     0000000140011048     kernel32:KERNEL32.dll
 0002:00000050       __imp_GetModuleFileNameW   0000000140011050     kernel32:KERNEL32.dll
 0002:00000058       __imp_RtlCaptureContext    0000000140011058     kernel32:KERNEL32.dll
 0002:00000060       __imp_RtlLookupFunctionEntry 0000000140011060     kernel32:KERNEL32.dll
 0002:00000068       __imp_RtlVirtualUnwind     0000000140011068     kernel32:KERNEL32.dll
 0002:00000070       __imp_UnhandledExceptionFilter 0000000140011070     kernel32:KERNEL32.dll
 0002:00000078       __imp_SetUnhandledExceptionFilter 0000000140011078     kernel32:KERNEL32.dll
 0002:00000080       __imp_GetCurrentProcess    0000000140011080     kernel32:KERNEL32.dll
 0002:00000088       __imp_TerminateProcess     0000000140011088     kernel32:KERNEL32.dll
 0002:00000090       __imp_IsProcessorFeaturePresent 0000000140011090     kernel32:KERNEL32.dll
 0002:00000098       __imp_QueryPerformanceCounter 0000000140011098     kernel32:KERNEL32.dll
 0002:000000a0       __imp_GetCurrentProcessId  00000001400110a0     kernel32:KERNEL32.dll
 0002:000000a8       __imp_GetCurrentThreadId   00000001400110a8     kernel32:KERNEL32.dll
 0002:000000b0       __imp_GetSystemTimeAsFileTime 00000001400110b0     kernel32:KERNEL32.dll
 0002:000000b8       __imp_InitializeSListHead  00000001400110b8     kernel32:KERNEL32.dll
 0002:000000c0       __imp_IsDebuggerPresent    00000001400110c0     kernel32:KERNEL32.dll
 0002:000000c8       __imp_GetStartupInfoW      00000001400110c8     kernel32:KERNEL32.dll
 0002:000000d0       __imp_GetModuleHandleW     00000001400110d0     kernel32:KERNEL32.dll
 0002:000000d8       __imp_HeapSize             00000001400110d8     kernel32:KERNEL32.dll
 0002:000000e0       __imp_RtlUnwindEx          00000001400110e0     kernel32:KERNEL32.dll
 0002:000000e8       __imp_RtlPcToFileHeader    00000001400110e8     kernel32:KERNEL32.dll
 0002:000000f0       __imp_RaiseException       00000001400110f0     kernel32:KERNEL32.dll
 0002:000000f8       __imp_GetLastError         00000001400110f8     kernel32:KERNEL32.dll
 0002:00000100       __imp_SetLastError         0000000140011100     kernel32:KERNEL32.dll
 0002:00000108       __imp_EnterCriticalSection 0000000140011108     kernel32:KERNEL32.dll
 0002:00000110       __imp_LeaveCriticalSection 0000000140011110     kernel32:KERNEL32.dll
 0002:00000118       __imp_DeleteCriticalSection 0000000140011118     kernel32:KERNEL32.dll
 0002:00000120       __imp_InitializeCriticalSectionAndSpinCount 0000000140011120     kernel32:KERNEL32.dll
 0002:00000128       __imp_TlsAlloc             0000000140011128     kernel32:KERNEL32.dll
 0002:00000130       __imp_TlsGetValue          0000000140011130     kernel32:KERNEL32.dll
 0002:00000138       __imp_TlsSetValue          0000000140011138     kernel32:KERNEL32.dll
 0002:00000140       __imp_TlsFree              0000000140011140     kernel32:KERNEL32.dll
 0002:00000148       __imp_FreeLibrary          0000000140011148     kernel32:KERNEL32.dll
 0002:00000150       __imp_GetProcAddress       0000000140011150     kernel32:KERNEL32.dll
 0002:00000158       __imp_LoadLibraryExW       0000000140011158     kernel32:KERNEL32.dll
 0002:00000160       __imp_EncodePointer        0000000140011160     kernel32:KERNEL32.dll
 0002:00000168       __imp_GetStdHandle         0000000140011168     kernel32:KERNEL32.dll
 0002:00000170       __imp_WriteFile            0000000140011170     kernel32:KERNEL32.dll
 0002:00000178       __imp_ExitProcess          0000000140011178     kernel32:KERNEL32.dll
 0002:00000180       __imp_GetModuleHandleExW   0000000140011180     kernel32:KERNEL32.dll
 0002:00000188       __imp_HeapAlloc            0000000140011188     kernel32:KERNEL32.dll
 0002:00000190       __imp_HeapFree             0000000140011190     kernel32:KERNEL32.dll
 0002:00000198       __imp_FindClose            0000000140011198     kernel32:KERNEL32.dll
 0002:000001a0       __imp_FindFirstFileExW     00000001400111a0     kernel32:KERNEL32.dll
 0002:000001a8       __imp_FindNextFileW        00000001400111a8     kernel32:KERNEL32.dll
 0002:000001b0       __imp_IsValidCodePage      00000001400111b0     kernel32:KERNEL32.dll
 0002:000001b8       __imp_GetACP               00000001400111b8     kernel32:KERNEL32.dll
 0002:000001c0       __imp_GetOEMCP             00000001400111c0     kernel32:KERNEL32.dll
 0002:000001c8       __imp_GetCPInfo            00000001400111c8     kernel32:KERNEL32.dll
 0002:000001d0       __imp_GetCommandLineA      00000001400111d0     kernel32:KERNEL32.dll
 0002:000001d8       __imp_GetCommandLineW      00000001400111d8     kernel32:KERNEL32.dll
 0002:000001e0       __imp_MultiByteToWideChar  00000001400111e0     kernel32:KERNEL32.dll
 0002:000001e8       __imp_WideCharToMultiByte  00000001400111e8     kernel32:KERNEL32.dll
 0002:000001f0       __imp_GetEnvironmentStringsW 00000001400111f0     kernel32:KERNEL32.dll
 0002:000001f8       __imp_FreeEnvironmentStringsW 00000001400111f8     kernel32:KERNEL32.dll
 0002:00000200       __imp_SetStdHandle         0000000140011200     kernel32:KERNEL32.dll
 0002:00000208       __imp_GetFileType          0000000140011208     kernel32:KERNEL32.dll
 0002:00000210       __imp_GetStringTypeW       0000000140011210     kernel32:KERNEL32.dll
 0002:00000218       __imp_FlsAlloc             0000000140011218     kernel32:KERNEL32.dll
 0002:00000220       __imp_FlsGetValue          0000000140011220     kernel32:KERNEL32.dll
 0002:00000228       __imp_FlsSetValue          0000000140011228     kernel32:KERNEL32.dll
 0002:00000230       __imp_FlsFree              0000000140011230     kernel32:KERNEL32.dll
 0002:00000238       __imp_LCMapStringW         0000000140011238     kernel32:KERNEL32.dll
 0002:00000240       __imp_GetProcessHeap       0000000140011240     kernel32:KERNEL32.dll
 0002:00000248       \177KERNEL32_NULL_THUNK_DATA 0000000140011248     kernel32:KERNEL32.dll
 0002:00000250       __imp_DispatchMessageA     0000000140011250     user32:USER32.dll
 0002:00000258       __imp_GetClientRect        0000000140011258     user32:USER32.dll
 0002:00000260       __imp_LoadCursorA          0000000140011260     user32:USER32.dll
 0002:00000268       __imp_GetDC                0000000140011268     user32:USER32.dll
 0002:00000270       __imp_UpdateWindow         0000000140011270     user32:USER32.dll
 0002:00000278       __imp_ShowWindow           0000000140011278     user32:USER32.dll
 0002:00000280       __imp_CreateWindowExA      0000000140011280     user32:USER32.dll
 0002:00000288       __imp_RegisterClassA       0000000140011288     user32:USER32.dll
 0002:00000290       __imp_DefWindowProcA       0000000140011290     user32:USER32.dll
 0002:00000298       __imp_PeekMessageA         0000000140011298     user32:USER32.dll
 0002:000002a0       __imp_TranslateMessage     00000001400112a0     user32:USER32.dll
 0002:000002a8       \177USER32_NULL_THUNK_DATA 00000001400112a8     user32:USER32.dll
 0002:000002b0       __guard_check_icall_fptr   00000001400112b0     LIBCMT:guard_support.obj
 0002:000002b8       __guard_xfg_check_icall_fptr 00000001400112b8     LIBCMT:guard_support.obj
 0002:000002c0       __guard_dispatch_icall_fptr 00000001400112c0     LIBCMT:guard_support.obj
 0002:000002c8       __guard_xfg_dispatch_icall_fptr 00000001400112c8     LIBCMT:guard_support.obj
 0002:000002d0       __guard_xfg_table_dispatch_icall_fptr 00000001400112d0     LIBCMT:guard_support.obj
 0002:000002d8       __castguard_check_failure_os_handled_fptr 00000001400112d8     LIBCMT:guard_support.obj
 0002:000002e0       __guard_memcpy_fptr        00000001400112e0     libvcruntime:softmemtag.obj
 0002:000002e8       __xc_a                     00000001400112e8     LIBCMT:initializers.obj
 0002:000002f8       __xc_z                     00000001400112f8     LIBCMT:initializers.obj
 0002:00000300       __xi_a                     0000000140011300     LIBCMT:initializers.obj
 0002:00000318       __acrt_multibyte_initializer 0000000140011318     libucrt:multibyte_initializer.obj
 0002:00000320       __acrt_fmode_initializer   0000000140011320     libucrt:fmode_initializer.obj
 0002:00000328       __acrt_stdio_initializer   0000000140011328     libucrt:stdio_initializer.obj
 0002:00000330       __acrt_tran_fma3_initializer 0000000140011330     libucrt:fma3_initializer.obj
 0002:00000338       __xi_z                     0000000140011338     LIBCMT:initializers.obj
 0002:00000340       __xp_a                     0000000140011340     LIBCMT:initializers.obj
 0002:00000348       __acrt_locale_terminator   0000000140011348     libucrt:locale_initializer.obj
 0002:00000350       __dcrt_console_output_terminator 0000000140011350     libucrt:console_output_initializer.obj
 0002:00000358       __acrt_stdio_terminator    0000000140011358     libucrt:stdio_initializer.obj
 0002:00000360       __xp_z                     0000000140011360     LIBCMT:initializers.obj
 0002:00000368       __xt_a                     0000000140011368     LIBCMT:initializers.obj
 0002:00000370       __xt_z                     0000000140011370     LIBCMT:initializers.obj
 0002:000003f0       __xmm@ffffffffffffffffffffffffffffffff 00000001400113f0     LIBCMT:utility.obj
 0002:00000408       ??_7exception@std@@6B@     0000000140011408     LIBCMT:throw_bad_alloc.obj
 0002:00000418       ??_C@_0BC@EOODALEL@Unknown?5exception@ 0000000140011418     LIBCMT:throw_bad_alloc.obj
 0002:00000438       ??_7bad_alloc@std@@6B@     0000000140011438     LIBCMT:throw_bad_alloc.obj
 0002:00000448       ??_C@_0P@GHFPNOJB@bad?5allocation@ 0000000140011448     LIBCMT:throw_bad_alloc.obj
 0002:00000460       ??_7bad_array_new_length@std@@6B@ 0000000140011460     LIBCMT:throw_bad_alloc.obj
 0002:00000470       ??_C@_0BF@KINCDENJ@bad?5array?5new?5length@ 0000000140011470     LIBCMT:throw_bad_alloc.obj
 0002:00000490       ??_7type_info@@6B@         0000000140011490     LIBCMT:std_type_info_static.obj
 0002:00000498       _pDestructExceptionObject  0000000140011498     libvcruntime:ehhelpers.obj
 0002:00000bb0       ??_C@_08EHJDFFNH@__based?$CI@ 0000000140011bb0     libvcruntime:undname.obj
 0002:00000bc0       ??_C@_07KOLFKCDI@__cdecl@  0000000140011bc0     libvcruntime:undname.obj
 0002:00000bc8       ??_C@_08GHMPAG@__pascal@   0000000140011bc8     libvcruntime:undname.obj
 0002:00000bd8       ??_C@_09IFJBGAPI@__stdcall@ 0000000140011bd8     libvcruntime:undname.obj
 0002:00000be8       ??_C@_0L@NPHFGOKO@__thiscall@ 0000000140011be8     libvcruntime:undname.obj
 0002:00000bf8       ??_C@_0L@JMKHOMEK@__fastcall@ 0000000140011bf8     libvcruntime:undname.obj
 0002:00000c08       ??_C@_0N@BCKKPABJ@__vectorcall@ 0000000140011c08     libvcruntime:undname.obj
 0002:00000c18       ??_C@_09HIJEGCPM@__clrcall@ 0000000140011c18     libvcruntime:undname.obj
 0002:00000c24       ??_C@_06GHPCKEAG@__eabi@   0000000140011c24     libvcruntime:undname.obj
 0002:00000c30       ??_C@_09IOPIDJLG@__swift_1@ 0000000140011c30     libvcruntime:undname.obj
 0002:00000c40       ??_C@_09KFNFGKHF@__swift_2@ 0000000140011c40     libvcruntime:undname.obj
 0002:00000c50       ??_C@_09LMMOFLDE@__swift_3@ 0000000140011c50     libvcruntime:undname.obj
 0002:00000c60       ??_C@_07JOMMBBKO@__ptr64@  0000000140011c60     libvcruntime:undname.obj
 0002:00000c68       ??_C@_0L@PILCLIHE@__restrict@ 0000000140011c68     libvcruntime:undname.obj
 0002:00000c78       ??_C@_0M@GFIIJFMG@__unaligned@ 0000000140011c78     libvcruntime:undname.obj
 0002:00000c88       ??_C@_09DHDLOLLB@restrict?$CI@ 0000000140011c88     libvcruntime:undname.obj
 0002:00000c92       ??_C@_00CNPNBAHC@@         0000000140011c92     libvcruntime:undname.obj
 0002:00000c94       ??_C@_04NIHEBCM@?5new@     0000000140011c94     libvcruntime:undname.obj
 0002:00000ca0       ??_C@_07FPCDHGMM@?5delete@ 0000000140011ca0     libvcruntime:undname.obj
 0002:00000ca8       ??_C@_01NEMOKFLO@?$DN@     0000000140011ca8     libvcruntime:undname.obj
 0002:00000cac       ??_C@_02GPIOPFAK@?$DO?$DO@ 0000000140011cac     libvcruntime:undname.obj
 0002:00000cb0       ??_C@_02FODMEDOG@?$DM?$DM@ 0000000140011cb0     libvcruntime:undname.obj
 0002:00000cb4       ??_C@_01DCLJPIOD@?$CB@     0000000140011cb4     libvcruntime:undname.obj
 0002:00000cb8       ??_C@_02EGOFBIJA@?$DN?$DN@ 0000000140011cb8     libvcruntime:undname.obj
 0002:00000cbc       ??_C@_02FDNJECIE@?$CB?$DN@ 0000000140011cbc     libvcruntime:undname.obj
 0002:00000cc0       ??_C@_02GPECMEKF@?$FL?$FN@ 0000000140011cc0     libvcruntime:undname.obj
 0002:00000cc8       ??_C@_08LHJFAFGD@operator@ 0000000140011cc8     libvcruntime:undname.obj
 0002:00000cd4       ??_C@_02HBOOOICD@?9?$DO@   0000000140011cd4     libvcruntime:undname.obj
 0002:00000cd8       ??_C@_01NBENCBCI@?$CK@     0000000140011cd8     libvcruntime:undname.obj
 0002:00000cdc       ??_C@_02ECNGHCIF@?$CL?$CL@ 0000000140011cdc     libvcruntime:undname.obj
 0002:00000ce0       ??_C@_02BAABKJLB@?9?9@     0000000140011ce0     libvcruntime:undname.obj
 0002:00000ce4       ??_C@_01JOAMLHOP@?9@       0000000140011ce4     libvcruntime:undname.obj
 0002:00000ce8       ??_C@_01MIFGBAGJ@?$CL@     0000000140011ce8     libvcruntime:undname.obj
 0002:00000cec       ??_C@_01HNPIGOCE@?$CG@     0000000140011cec     libvcruntime:undname.obj
 0002:00000cf0       ??_C@_03MNHNFDLC@?9?$DO?$CK@ 0000000140011cf0     libvcruntime:undname.obj
 0002:00000cf4       ??_C@_01KMDKNFGN@?1@       0000000140011cf4     libvcruntime:undname.obj
 0002:00000cf8       ??_C@_01FGNFDNOH@?$CF@     0000000140011cf8     libvcruntime:undname.obj
 0002:00000cfc       ??_C@_01MNNFJEPP@?$DM@     0000000140011cfc     libvcruntime:undname.obj
 0002:00000d00       ??_C@_02EHCHHCKH@?$DM?$DN@ 0000000140011d00     libvcruntime:undname.obj
 0002:00000d04       ??_C@_01PPODPGHN@?$DO@     0000000140011d04     libvcruntime:undname.obj
 0002:00000d08       ??_C@_02EEKDKGMJ@?$DO?$DN@ 0000000140011d08     libvcruntime:undname.obj
 0002:00000d0c       ??_C@_01IHBHIGKO@?0@       0000000140011d0c     libvcruntime:undname.obj
 0002:00000d10       ??_C@_02HCKGKOFO@?$CI?$CJ@ 0000000140011d10     libvcruntime:undname.obj
 0002:00000d14       ??_C@_01PJKLJHI@?$HO@      0000000140011d14     libvcruntime:undname.obj
 0002:00000d18       ??_C@_01JKBOJNNK@?$FO@     0000000140011d18     libvcruntime:undname.obj
 0002:00000d1c       ??_C@_01DNKMNLPK@?$HM@     0000000140011d1c     libvcruntime:undname.obj
 0002:00000d20       ??_C@_02PPKAJPJL@?$CG?$CG@ 0000000140011d20     libvcruntime:undname.obj
 0002:00000d24       ??_C@_02NONPIBCD@?$HM?$HM@ 0000000140011d24     libvcruntime:undname.obj
 0002:00000d28       ??_C@_02FPIMKNGF@?$CK?$DN@ 0000000140011d28     libvcruntime:undname.obj
 0002:00000d2c       ??_C@_02FOEOMHFC@?$CL?$DN@ 0000000140011d2c     libvcruntime:undname.obj
 0002:00000d30       ??_C@_02FKMDLLOA@?9?$DN@   0000000140011d30     libvcruntime:undname.obj
 0002:00000d34       ??_C@_02FJEHGPIO@?1?$DN@   0000000140011d34     libvcruntime:undname.obj
 0002:00000d38       ??_C@_02FENAOKFI@?$CF?$DN@ 0000000140011d38     libvcruntime:undname.obj
 0002:00000d3c       ??_C@_03IKFCCPFF@?$DO?$DO?$DN@ 0000000140011d3c     libvcruntime:undname.obj
 0002:00000d40       ??_C@_03CDNPDDLA@?$DM?$DM?$DN@ 0000000140011d40     libvcruntime:undname.obj
 0002:00000d44       ??_C@_02FGJGFEAB@?$CG?$DN@ 0000000140011d44     libvcruntime:undname.obj
 0002:00000d48       ??_C@_02DHLNPPGH@?$HM?$DN@ 0000000140011d48     libvcruntime:undname.obj
 0002:00000d4c       ??_C@_02MHEGNOJ@?$FO?$DN@  0000000140011d4c     libvcruntime:undname.obj
 0002:00000d50       ??_C@_09IFPLHPGF@?$GAvftable?8@ 0000000140011d50     libvcruntime:undname.obj
 0002:00000d60       ??_C@_09BLBHBJP@?$GAvbtable?8@ 0000000140011d60     libvcruntime:undname.obj
 0002:00000d70       ??_C@_07FEEIOKP@?$GAvcall?8@ 0000000140011d70     libvcruntime:undname.obj
 0002:00000d78       ??_C@_08LLFFHHDJ@?$GAtypeof?8@ 0000000140011d78     libvcruntime:undname.obj
 0002:00000d88       ??_C@_0BF@KDPPACIK@?$GAlocal?5static?5guard?8@ 0000000140011d88     libvcruntime:undname.obj
 0002:00000da0       ??_C@_08OBABFOLI@?$GAstring?8@ 0000000140011da0     libvcruntime:undname.obj
 0002:00000db0       ??_C@_0BD@JDLKDPAB@?$GAvbase?5destructor?8@ 0000000140011db0     libvcruntime:undname.obj
 0002:00000dc8       ??_C@_0BN@DEGPLNFK@?$GAvector?5deleting?5destructor?8@ 0000000140011dc8     libvcruntime:undname.obj
 0002:00000de8       ??_C@_0BO@OBMKPJIG@?$GAdefault?5constructor?5closure?8@ 0000000140011de8     libvcruntime:undname.obj
 0002:00000e08       ??_C@_0BN@IMDCHIKM@?$GAscalar?5deleting?5destructor?8@ 0000000140011e08     libvcruntime:undname.obj
 0002:00000e28       ??_C@_0BO@PFGOCPJJ@?$GAvector?5constructor?5iterator?8@ 0000000140011e28     libvcruntime:undname.obj
 0002:00000e48       ??_C@_0BN@LFPFMEDL@?$GAvector?5destructor?5iterator?8@ 0000000140011e48     libvcruntime:undname.obj
 0002:00000e68       ??_C@_0CE@IKBNEHA@?$GAvector?5vbase?5constructor?5itera@ 0000000140011e68     libvcruntime:undname.obj
 0002:00000e90       ??_C@_0BL@NILFHHPC@?$GAvirtual?5displacement?5map?8@ 0000000140011e90     libvcruntime:undname.obj
 0002:00000eb0       ??_C@_0CB@JONCMFFK@?$GAeh?5vector?5constructor?5iterator@ 0000000140011eb0     libvcruntime:undname.obj
 0002:00000ed8       ??_C@_0CA@GCEOPDGL@?$GAeh?5vector?5destructor?5iterator?8@ 0000000140011ed8     libvcruntime:undname.obj
 0002:00000ef8       ??_C@_0CH@OOJPLCPH@?$GAeh?5vector?5vbase?5constructor?5it@ 0000000140011ef8     libvcruntime:undname.obj
 0002:00000f20       ??_C@_0BL@LLKPOHJI@?$GAcopy?5constructor?5closure?8@ 0000000140011f20     libvcruntime:undname.obj
 0002:00000f40       ??_C@_0BA@KBCDOMBN@?$GAudt?5returning?8@ 0000000140011f40     libvcruntime:undname.obj
 0002:00000f50       ??_C@_03KLGMFNMG@?$GAEH@   0000000140011f50     libvcruntime:undname.obj
 0002:00000f54       ??_C@_05KHLCHHI@?$GARTTI@  0000000140011f54     libvcruntime:undname.obj
 0002:00000f60       ??_C@_0BA@KKLDJDLB@?$GAlocal?5vftable?8@ 0000000140011f60     libvcruntime:undname.obj
 0002:00000f70       ??_C@_0CE@IIHCMGGL@?$GAlocal?5vftable?5constructor?5clos@ 0000000140011f70     libvcruntime:undname.obj
 0002:00000f94       ??_C@_06FHBGPFGH@?5new?$FL?$FN@ 0000000140011f94     libvcruntime:undname.obj
 0002:00000fa0       ??_C@_09LBNFPBCA@?5delete?$FL?$FN@ 0000000140011fa0     libvcruntime:undname.obj
 0002:00000fb0       ??_C@_0P@HJKNJFNN@?$GAomni?5callsig?8@ 0000000140011fb0     libvcruntime:undname.obj
 0002:00000fc0       ??_C@_0BL@CNOONJFP@?$GAplacement?5delete?5closure?8@ 0000000140011fc0     libvcruntime:undname.obj
 0002:00000fe0       ??_C@_0BN@CKNJLHMB@?$GAplacement?5delete?$FL?$FN?5closure?8@ 0000000140011fe0     libvcruntime:undname.obj
 0002:00001000       ??_C@_0CG@CFDHKGGD@?$GAmanaged?5vector?5constructor?5ite@ 0000000140012000     libvcruntime:undname.obj
 0002:00001028       ??_C@_0CF@IMGKMJNO@?$GAmanaged?5vector?5destructor?5iter@ 0000000140012028     libvcruntime:undname.obj
 0002:00001050       ??_C@_0CG@HLDDJMAG@?$GAeh?5vector?5copy?5constructor?5ite@ 0000000140012050     libvcruntime:undname.obj
 0002:00001078       ??_C@_0CM@FCBBDIGB@?$GAeh?5vector?5vbase?5copy?5construct@ 0000000140012078     libvcruntime:undname.obj
 0002:000010a8       ??_C@_0BL@CLIPGLGB@?$GAdynamic?5initializer?5for?5?8@ 00000001400120a8     libvcruntime:undname.obj
 0002:000010c8       ??_C@_0CB@PDBIFEP@?$GAdynamic?5atexit?5destructor?5for?5@ 00000001400120c8     libvcruntime:undname.obj
 0002:000010f0       ??_C@_0CD@CGAJBKEJ@?$GAvector?5copy?5constructor?5iterat@ 00000001400120f0     libvcruntime:undname.obj
 0002:00001118       ??_C@_0CJ@GJELGAMM@?$GAvector?5vbase?5copy?5constructor?5@ 0000000140012118     libvcruntime:undname.obj
 0002:00001148       ??_C@_0CL@FGIJHLCE@?$GAmanaged?5vector?5copy?5constructo@ 0000000140012148     libvcruntime:undname.obj
 0002:00001178       ??_C@_0BM@PMGGMLDN@?$GAlocal?5static?5thread?5guard?8@ 0000000140012178     libvcruntime:undname.obj
 0002:00001198       ??_C@_0N@BDNMDMOL@operator?5?$CC?$CC?5@ 0000000140012198     libvcruntime:undname.obj
 0002:000011a8       ??_C@_0BC@GGEBGALA@operator?5co_await@ 00000001400121a8     libvcruntime:undname.obj
 0002:000011c0       ??_C@_0M@GAAIMMOH@operator?$DM?$DN?$DO@ 00000001400121c0     libvcruntime:undname.obj
 0002:000011d0       ??_C@_0BC@DAFEJGAK@?5Type?5Descriptor?8@ 00000001400121d0     libvcruntime:undname.obj
 0002:000011e8       ??_C@_0BM@LDKODKLH@?5Base?5Class?5Descriptor?5at?5?$CI@ 00000001400121e8     libvcruntime:undname.obj
 0002:00001208       ??_C@_0BD@LGICGFMM@?5Base?5Class?5Array?8@ 0000000140012208     libvcruntime:undname.obj
 0002:00001220       ??_C@_0BN@MECKDCOJ@?5Class?5Hierarchy?5Descriptor?8@ 0000000140012220     libvcruntime:undname.obj
 0002:00001240       ??_C@_0BK@CFCOFLF@?5Complete?5Object?5Locator?8@ 0000000140012240     libvcruntime:undname.obj
 0002:00001260       ??_C@_0BG@JNJLAMPM@?$GAanonymous?5namespace?8@ 0000000140012260     libvcruntime:undname.obj
 0002:00001290       ??_C@_1DM@KHCHBNEB@?$AAa?$AAp?$AAi?$AA?9?$AAm?$AAs?$AA?9?$AAw?$AAi?$AAn?$AA?9?$AAc?$AAo?$AAr?$AAe@ 0000000140012290     libvcruntime:winapi_downlevel.obj
 0002:000012d0       ??_C@_1DK@LPPGFMPP@?$AAa?$AAp?$AAi?$AA?9?$AAm?$AAs?$AA?9?$AAw?$AAi?$AAn?$AA?9?$AAc?$AAo?$AAr?$AAe@ 00000001400122d0     libvcruntime:winapi_downlevel.obj
 0002:00001310       ??_C@_1BC@GDMECMAK@?$AAk?$AAe?$AAr?$AAn?$AAe?$AAl?$AA3?$AA2@ 0000000140012310     libvcruntime:winapi_downlevel.obj
 0002:00001328       ??_C@_1BA@PFFKHIOG@?$AAa?$AAp?$AAi?$AA?9?$AAm?$AAs?$AA?9@ 0000000140012328     libvcruntime:winapi_downlevel.obj
 0002:00001340       ??_C@_08KNHFBNJ@FlsAlloc@  0000000140012340     libvcruntime:winapi_downlevel.obj
 0002:00001358       ??_C@_07PEJMOBNF@FlsFree@  0000000140012358     libvcruntime:winapi_downlevel.obj
 0002:00001368       ??_C@_0M@GDNOONDI@FlsGetValue@ 0000000140012368     libvcruntime:winapi_downlevel.obj
 0002:00001380       ??_C@_0M@JCPCPOEF@FlsSetValue@ 0000000140012380     libvcruntime:winapi_downlevel.obj
 0002:00001398       ??_C@_0BM@HCFOFFN@InitializeCriticalSectionEx@ 0000000140012398     libvcruntime:winapi_downlevel.obj
 0002:00001460       ??_7bad_exception@std@@6B@ 0000000140012460     libvcruntime:frame.obj
 0002:00001470       ??_C@_0O@DPKOEFFH@bad?5exception@ 0000000140012470     libvcruntime:frame.obj
 0002:00001480       __acrt_exception_action_table 0000000140012480     libucrt:exception_filter.obj
 0002:00001540       __acrt_signal_action_table_count 0000000140012540     libucrt:exception_filter.obj
 0002:00001548       __acrt_signal_action_first_fpe_index 0000000140012548     libucrt:exception_filter.obj
 0002:00001550       __acrt_signal_action_fpe_count 0000000140012550     libucrt:exception_filter.obj
 0002:000015d0       ??_C@_1BI@BGOHAHKC@?$AAm?$AAs?$AAc?$AAo?$AAr?$AAe?$AAe?$AA?4?$AAd?$AAl?$AAl@ 00000001400125d0     libucrt:exit.obj
 0002:000015e8       ??_C@_0P@MIGLKIOC@CorExitProcess@ 00000001400125e8     libucrt:exit.obj
 0002:000018a8       ??_C@_1M@HPNHIDJI@?$AAj?$AAa?$AA?9?$AAJ?$AAP@ 00000001400128a8     libucrt:mbctype.obj
 0002:000018b8       ??_C@_1M@BIBDDEMK@?$AAz?$AAh?$AA?9?$AAC?$AAN@ 00000001400128b8     libucrt:mbctype.obj
 0002:000018c8       ??_C@_1M@JLOOOEGK@?$AAk?$AAo?$AA?9?$AAK?$AAR@ 00000001400128c8     libucrt:mbctype.obj
 0002:000018d8       ??_C@_1M@CLNBBOPM@?$AAz?$AAh?$AA?9?$AAT?$AAW@ 00000001400128d8     libucrt:mbctype.obj
 0002:000018f0       __lc_time_c                00000001400128f0     libucrt:nlsdata.obj
 0002:00001bb0       ??_C@_03KOEHGMDN@Sun@      0000000140012bb0     libucrt:nlsdata.obj
 0002:00001bb4       ??_C@_03PDAGKDH@Mon@       0000000140012bb4     libucrt:nlsdata.obj
 0002:00001bb8       ??_C@_03NAGEINEP@Tue@      0000000140012bb8     libucrt:nlsdata.obj
 0002:00001bbc       ??_C@_03MHOMLAJA@Wed@      0000000140012bbc     libucrt:nlsdata.obj
 0002:00001bc0       ??_C@_03IOFIKPDN@Thu@      0000000140012bc0     libucrt:nlsdata.obj
 0002:00001bc4       ??_C@_03IDIOELNC@Fri@      0000000140012bc4     libucrt:nlsdata.obj
 0002:00001bc8       ??_C@_03FEFJNEK@Sat@       0000000140012bc8     libucrt:nlsdata.obj
 0002:00001bcc       ??_C@_06OOPIFAJ@Sunday@    0000000140012bcc     libucrt:nlsdata.obj
 0002:00001bd4       ??_C@_06JLEDEDGH@Monday@   0000000140012bd4     libucrt:nlsdata.obj
 0002:00001be0       ??_C@_07BAAGCFCM@Tuesday@  0000000140012be0     libucrt:nlsdata.obj
 0002:00001be8       ??_C@_09DLIGFAKA@Wednesday@ 0000000140012be8     libucrt:nlsdata.obj
 0002:00001bf8       ??_C@_08HACCIKIA@Thursday@ 0000000140012bf8     libucrt:nlsdata.obj
 0002:00001c04       ??_C@_06JECMNKMI@Friday@   0000000140012c04     libucrt:nlsdata.obj
 0002:00001c10       ??_C@_08INBOOONO@Saturday@ 0000000140012c10     libucrt:nlsdata.obj
 0002:00001c1c       ??_C@_03JIHJHPIE@Jan@      0000000140012c1c     libucrt:nlsdata.obj
 0002:00001c20       ??_C@_03HJBDCHOM@Feb@      0000000140012c20     libucrt:nlsdata.obj
 0002:00001c24       ??_C@_03ODNJBKGA@Mar@      0000000140012c24     libucrt:nlsdata.obj
 0002:00001c28       ??_C@_03LEOLGMJP@Apr@      0000000140012c28     libucrt:nlsdata.obj
 0002:00001c2c       ??_C@_03CNMDKL@May@        0000000140012c2c     libucrt:nlsdata.obj
 0002:00001c30       ??_C@_03IDFGHECI@Jun@      0000000140012c30     libucrt:nlsdata.obj
 0002:00001c34       ??_C@_03LBGABGKK@Jul@      0000000140012c34     libucrt:nlsdata.obj
 0002:00001c38       ??_C@_03IFJFEIGA@Aug@      0000000140012c38     libucrt:nlsdata.obj
 0002:00001c3c       ??_C@_03GGCAPAJC@Sep@      0000000140012c3c     libucrt:nlsdata.obj
 0002:00001c40       ??_C@_03BMAOKBAD@Oct@      0000000140012c40     libucrt:nlsdata.obj
 0002:00001c44       ??_C@_03JPJOFNIA@Nov@      0000000140012c44     libucrt:nlsdata.obj
 0002:00001c48       ??_C@_03MKABNOCG@Dec@      0000000140012c48     libucrt:nlsdata.obj
 0002:00001c50       ??_C@_07CGJPFGJA@January@  0000000140012c50     libucrt:nlsdata.obj
 0002:00001c58       ??_C@_08GNJGEPFN@February@ 0000000140012c58     libucrt:nlsdata.obj
 0002:00001c64       ??_C@_05HPCKOFNC@March@    0000000140012c64     libucrt:nlsdata.obj
 0002:00001c6c       ??_C@_05DMJDNLEJ@April@    0000000140012c6c     libucrt:nlsdata.obj
 0002:00001c74       ??_C@_04CNLMGBGM@June@     0000000140012c74     libucrt:nlsdata.obj
 0002:00001c7c       ??_C@_04MIEPOIFP@July@     0000000140012c7c     libucrt:nlsdata.obj
 0002:00001c84       ??_C@_06LBBHFDDG@August@   0000000140012c84     libucrt:nlsdata.obj
 0002:00001c90       ??_C@_09BHHEALKD@September@ 0000000140012c90     libucrt:nlsdata.obj
 0002:00001ca0       ??_C@_07JJNFCEND@October@  0000000140012ca0     libucrt:nlsdata.obj
 0002:00001ca8       ??_C@_08HCHEGEOA@November@ 0000000140012ca8     libucrt:nlsdata.obj
 0002:00001cb8       ??_C@_08EDHMEBNP@December@ 0000000140012cb8     libucrt:nlsdata.obj
 0002:00001cc4       ??_C@_02DEDBPAFC@AM@       0000000140012cc4     libucrt:nlsdata.obj
 0002:00001cc8       ??_C@_02CJNFDJBF@PM@       0000000140012cc8     libucrt:nlsdata.obj
 0002:00001cd0       ??_C@_08BPBNCDIB@MM?1dd?1yy@ 0000000140012cd0     libucrt:nlsdata.obj
 0002:00001ce0       ??_C@_0BE@CKGJFCPC@dddd?0?5MMMM?5dd?0?5yyyy@ 0000000140012ce0     libucrt:nlsdata.obj
 0002:00001cf8       ??_C@_08JCCMCCIL@HH?3mm?3ss@ 0000000140012cf8     libucrt:nlsdata.obj
 0002:00001d08       ??_C@_17MBGCMIPB@?$AAS?$AAu?$AAn@ 0000000140012d08     libucrt:nlsdata.obj
 0002:00001d10       ??_C@_17KBOMKBF@?$AAM?$AAo?$AAn@ 0000000140012d10     libucrt:nlsdata.obj
 0002:00001d18       ??_C@_17BMKGEGOJ@?$AAT?$AAu?$AAe@ 0000000140012d18     libucrt:nlsdata.obj
 0002:00001d20       ??_C@_17CJEDCEPE@?$AAW?$AAe?$AAd@ 0000000140012d20     libucrt:nlsdata.obj
 0002:00001d28       ??_C@_17PDPHAADD@?$AAT?$AAh?$AAu@ 0000000140012d28     libucrt:nlsdata.obj
 0002:00001d30       ??_C@_17HFOLPPLP@?$AAF?$AAr?$AAi@ 0000000140012d30     libucrt:nlsdata.obj
 0002:00001d38       ??_C@_17GGIBDPIH@?$AAS?$AAa?$AAt@ 0000000140012d38     libucrt:nlsdata.obj
 0002:00001d40       ??_C@_1O@IHNHDHPB@?$AAS?$AAu?$AAn?$AAd?$AAa?$AAy@ 0000000140012d40     libucrt:nlsdata.obj
 0002:00001d50       ??_C@_1O@MMNBFLIA@?$AAM?$AAo?$AAn?$AAd?$AAa?$AAy@ 0000000140012d50     libucrt:nlsdata.obj
 0002:00001d60       ??_C@_1BA@ENFBFFEK@?$AAT?$AAu?$AAe?$AAs?$AAd?$AAa?$AAy@ 0000000140012d60     libucrt:nlsdata.obj
 0002:00001d70       ??_C@_1BE@EBOGMDOH@?$AAW?$AAe?$AAd?$AAn?$AAe?$AAs?$AAd?$AAa?$AAy@ 0000000140012d70     libucrt:nlsdata.obj
 0002:00001d88       ??_C@_1BC@HHMNLIHE@?$AAT?$AAh?$AAu?$AAr?$AAs?$AAd?$AAa?$AAy@ 0000000140012d88     libucrt:nlsdata.obj
 0002:00001da0       ??_C@_1O@PDICJHAG@?$AAF?$AAr?$AAi?$AAd?$AAa?$AAy@ 0000000140012da0     libucrt:nlsdata.obj
 0002:00001db0       ??_C@_1BC@ENMNNPAJ@?$AAS?$AAa?$AAt?$AAu?$AAr?$AAd?$AAa?$AAy@ 0000000140012db0     libucrt:nlsdata.obj
 0002:00001dc8       ??_C@_17DKNBKCHM@?$AAJ?$AAa?$AAn@ 0000000140012dc8     libucrt:nlsdata.obj
 0002:00001dd0       ??_C@_17LMDJEKJN@?$AAF?$AAe?$AAb@ 0000000140012dd0     libucrt:nlsdata.obj
 0002:00001dd8       ??_C@_17CKNLEDEC@?$AAM?$AAa?$AAr@ 0000000140012dd8     libucrt:nlsdata.obj
 0002:00001de0       ??_C@_17LFPOIHDD@?$AAA?$AAp?$AAr@ 0000000140012de0     libucrt:nlsdata.obj
 0002:00001de8       ??_C@_17PNNKMEED@?$AAM?$AAa?$AAy@ 0000000140012de8     libucrt:nlsdata.obj
 0002:00001df0       ??_C@_17KCJGOCPB@?$AAJ?$AAu?$AAn@ 0000000140012df0     libucrt:nlsdata.obj
 0002:00001df8       ??_C@_17IJPCKHK@?$AAJ?$AAu?$AAl@ 0000000140012df8     libucrt:nlsdata.obj
 0002:00001e00       ??_C@_17ICPELBCN@?$AAA?$AAu?$AAg@ 0000000140012e00     libucrt:nlsdata.obj
 0002:00001e08       ??_C@_17HCHCOKMG@?$AAS?$AAe?$AAp@ 0000000140012e08     libucrt:nlsdata.obj
 0002:00001e10       ??_C@_17FNLKOI@?$AAO?$AAc?$AAt@ 0000000140012e10     libucrt:nlsdata.obj
 0002:00001e18       ??_C@_17BBDMLCIG@?$AAN?$AAo?$AAv@ 0000000140012e18     libucrt:nlsdata.obj
 0002:00001e20       ??_C@_17EGKACKIF@?$AAD?$AAe?$AAc@ 0000000140012e20     libucrt:nlsdata.obj
 0002:00001e28       ??_C@_1BA@EFMEIEBA@?$AAJ?$AAa?$AAn?$AAu?$AAa?$AAr?$AAy@ 0000000140012e28     libucrt:nlsdata.obj
 0002:00001e38       ??_C@_1BC@JGDDFFAM@?$AAF?$AAe?$AAb?$AAr?$AAu?$AAa?$AAr?$AAy@ 0000000140012e38     libucrt:nlsdata.obj
 0002:00001e50       ??_C@_1M@IKEENEDF@?$AAM?$AAa?$AAr?$AAc?$AAh@ 0000000140012e50     libucrt:nlsdata.obj
 0002:00001e60       ??_C@_1M@GJNLMHFD@?$AAA?$AAp?$AAr?$AAi?$AAl@ 0000000140012e60     libucrt:nlsdata.obj
 0002:00001e70       ??_C@_19EPFLPGAP@?$AAJ?$AAu?$AAn?$AAe@ 0000000140012e70     libucrt:nlsdata.obj
 0002:00001e80       ??_C@_19BIFMLPCD@?$AAJ?$AAu?$AAl?$AAy@ 0000000140012e80     libucrt:nlsdata.obj
 0002:00001e90       ??_C@_1O@PAHLKOAC@?$AAA?$AAu?$AAg?$AAu?$AAs?$AAt@ 0000000140012e90     libucrt:nlsdata.obj
 0002:00001ea0       ??_C@_1BE@DKAAMBJL@?$AAS?$AAe?$AAp?$AAt?$AAe?$AAm?$AAb?$AAe?$AAr@ 0000000140012ea0     libucrt:nlsdata.obj
 0002:00001eb8       ??_C@_1BA@EPANDLNG@?$AAO?$AAc?$AAt?$AAo?$AAb?$AAe?$AAr@ 0000000140012eb8     libucrt:nlsdata.obj
 0002:00001ec8       ??_C@_1BC@BGLIFPF@?$AAN?$AAo?$AAv?$AAe?$AAm?$AAb?$AAe?$AAr@ 0000000140012ec8     libucrt:nlsdata.obj
 0002:00001ee0       ??_C@_1BC@FEMKIFH@?$AAD?$AAe?$AAc?$AAe?$AAm?$AAb?$AAe?$AAr@ 0000000140012ee0     libucrt:nlsdata.obj
 0002:00001ef4       ??_C@_15ODEHAHHF@?$AAA?$AAM@ 0000000140012ef4     libucrt:nlsdata.obj
 0002:00001efc       ??_C@_15CLMNNGEL@?$AAP?$AAM@ 0000000140012efc     libucrt:nlsdata.obj
 0002:00001f08       ??_C@_1BC@IEBCMHCM@?$AAM?$AAM?$AA?1?$AAd?$AAd?$AA?1?$AAy?$AAy@ 0000000140012f08     libucrt:nlsdata.obj
 0002:00001f20       ??_C@_1CI@KNAKOEBC@?$AAd?$AAd?$AAd?$AAd?$AA?0?$AA?5?$AAM?$AAM?$AAM?$AAM?$AA?5?$AAd?$AAd?$AA?0?$AA?5@ 0000000140012f20     libucrt:nlsdata.obj
 0002:00001f48       ??_C@_1BC@GDGBMEMK@?$AAH?$AAH?$AA?3?$AAm?$AAm?$AA?3?$AAs?$AAs@ 0000000140012f48     libucrt:nlsdata.obj
 0002:00001f60       ??_C@_1M@BMHNFIME@?$AAe?$AAn?$AA?9?$AAU?$AAS@ 0000000140012f60     libucrt:nlsdata.obj
 0002:00001f70       __newctype                 0000000140012f70     libucrt:ctype.obj
 0002:00002270       __newclmap                 0000000140013270     libucrt:ctype.obj
 0002:000023f0       __newcumap                 00000001400133f0     libucrt:ctype.obj
 0002:00002570       ??_C@_15PJPFLCCM@?$AAu?$AAk@ 0000000140013570     libucrt:get_qualified_locale.obj
 0002:00002630       ??_C@_1EA@JGEFHKEI@?$AAa?$AAp?$AAi?$AA?9?$AAm?$AAs?$AA?9?$AAw?$AAi?$AAn?$AA?9?$AAc?$AAo?$AAr?$AAe@ 0000000140013630     libucrt:winapi_thunks.obj
 0002:00002670       ??_C@_1DI@KMEPCBPN@?$AAa?$AAp?$AAi?$AA?9?$AAm?$AAs?$AA?9?$AAw?$AAi?$AAn?$AA?9?$AAc?$AAo?$AAr?$AAe@ 0000000140013670     libucrt:winapi_thunks.obj
 0002:000026a8       ??_C@_1DI@IJCEHOCB@?$AAa?$AAp?$AAi?$AA?9?$AAm?$AAs?$AA?9?$AAw?$AAi?$AAn?$AA?9?$AAc?$AAo?$AAr?$AAe@ 00000001400136a8     libucrt:winapi_thunks.obj
 0002:000026e0       ??_C@_1EI@MPIAOHOC@?$AAa?$AAp?$AAi?$AA?9?$AAm?$AAs?$AA?9?$AAw?$AAi?$AAn?$AA?9?$AAc?$AAo?$AAr?$AAe@ 00000001400136e0     libucrt:winapi_thunks.obj
 0002:00002730       ??_C@_1FK@FPHCKFIE@?$AAa?$AAp?$AAi?$AA?9?$AAm?$AAs?$AA?9?$AAw?$AAi?$AAn?$AA?9?$AAc?$AAo?$AAr?$AAe@ 0000000140013730     libucrt:winapi_thunks.obj
 0002:00002790       ??_C@_1EM@DILCGIIO@?$AAa?$AAp?$AAi?$AA?9?$AAm?$AAs?$AA?9?$AAw?$AAi?$AAn?$AA?9?$AAc?$AAo?$AAr?$AAe@ 0000000140013790     libucrt:winapi_thunks.obj
 0002:000027e0       ??_C@_1DM@LNCGDDPN@?$AAa?$AAp?$AAi?$AA?9?$AAm?$AAs?$AA?9?$AAw?$AAi?$AAn?$AA?9?$AAc?$AAo?$AAr?$AAe@ 00000001400137e0     libucrt:winapi_thunks.obj
 0002:00002820       ??_C@_1DO@FPAPJEMD@?$AAa?$AAp?$AAi?$AA?9?$AAm?$AAs?$AA?9?$AAw?$AAi?$AAn?$AA?9?$AAc?$AAo?$AAr?$AAe@ 0000000140013820     libucrt:winapi_thunks.obj
 0002:00002860       ??_C@_1DK@NDHNAHIO@?$AAa?$AAp?$AAi?$AA?9?$AAm?$AAs?$AA?9?$AAw?$AAi?$AAn?$AA?9?$AAc?$AAo?$AAr?$AAe@ 0000000140013860     libucrt:winapi_thunks.obj
 0002:000028a0       ??_C@_1DM@KGHDGBCM@?$AAa?$AAp?$AAi?$AA?9?$AAm?$AAs?$AA?9?$AAw?$AAi?$AAn?$AA?9?$AAc?$AAo?$AAr?$AAe@ 00000001400138a0     libucrt:winapi_thunks.obj
 0002:000028e0       ??_C@_1EO@IJIOEFOH@?$AAa?$AAp?$AAi?$AA?9?$AAm?$AAs?$AA?9?$AAw?$AAi?$AAn?$AA?9?$AAr?$AAt?$AAc?$AAo@ 00000001400138e0     libucrt:winapi_thunks.obj
 0002:00002930       ??_C@_1FG@HHGEKANL@?$AAa?$AAp?$AAi?$AA?9?$AAm?$AAs?$AA?9?$AAw?$AAi?$AAn?$AA?9?$AAs?$AAe?$AAc?$AAu@ 0000000140013930     libucrt:winapi_thunks.obj
 0002:00002990       ??_C@_1EG@DBIOJECG@?$AAe?$AAx?$AAt?$AA?9?$AAm?$AAs?$AA?9?$AAw?$AAi?$AAn?$AA?9?$AAn?$AAt?$AAu?$AAs@ 0000000140013990     libucrt:winapi_thunks.obj
 0002:000029e0       ??_C@_1EO@FIHMJCLF@?$AAe?$AAx?$AAt?$AA?9?$AAm?$AAs?$AA?9?$AAw?$AAi?$AAn?$AA?9?$AAn?$AAt?$AAu?$AAs@ 00000001400139e0     libucrt:winapi_thunks.obj
 0002:00002a30       ??_C@_1BC@DNHGCMLG@?$AAa?$AAd?$AAv?$AAa?$AAp?$AAi?$AA3?$AA2@ 0000000140013a30     libucrt:winapi_thunks.obj
 0002:00002a48       ??_C@_1BG@CJPGBMEF@?$AAk?$AAe?$AAr?$AAn?$AAe?$AAl?$AAb?$AAa?$AAs?$AAe@ 0000000140013a48     libucrt:winapi_thunks.obj
 0002:00002a60       ??_C@_1M@OAIMIKLP@?$AAn?$AAt?$AAd?$AAl?$AAl@ 0000000140013a60     libucrt:winapi_thunks.obj
 0002:00002a70       ??_C@_1EG@DPGNFKGC@?$AAa?$AAp?$AAi?$AA?9?$AAm?$AAs?$AA?9?$AAw?$AAi?$AAn?$AA?9?$AAa?$AAp?$AAp?$AAm@ 0000000140013a70     libucrt:winapi_thunks.obj
 0002:00002ab8       ??_C@_1O@BCCLBEOE@?$AAu?$AAs?$AAe?$AAr?$AA3?$AA2@ 0000000140013ab8     libucrt:winapi_thunks.obj
 0002:00002ac8       ??_C@_1BA@IAIFMGEF@?$AAe?$AAx?$AAt?$AA?9?$AAm?$AAs?$AA?9@ 0000000140013ac8     libucrt:winapi_thunks.obj
 0002:00002ae0       ??_C@_0BA@FHFNEAED@AreFileApisANSI@ 0000000140013ae0     libucrt:winapi_thunks.obj
 0002:00002b00       ??_C@_0O@KKBNKAPF@LCMapStringEx@ 0000000140013b00     libucrt:winapi_thunks.obj
 0002:00002b18       ??_C@_0BB@HBDEELFH@LocaleNameToLCID@ 0000000140013b18     libucrt:winapi_thunks.obj
 0002:00002b30       ??_C@_0CF@OJOFEIGO@AppPolicyGetProcessTerminationM@ 0000000140013b30     libucrt:winapi_thunks.obj
 0002:000039a0       ??_C@_15EMKDOKLE@?$AAa?$AAr@ 00000001400149a0     libucrt:lcidtoname_downlevel.obj
 0002:000039a8       ??_C@_15KNPADPLH@?$AAb?$AAg@ 00000001400149a8     libucrt:lcidtoname_downlevel.obj
 0002:000039b0       ??_C@_15EDMHLDMO@?$AAc?$AAa@ 00000001400149b0     libucrt:lcidtoname_downlevel.obj
 0002:000039b8       ??_C@_1O@BPEAJADD@?$AAz?$AAh?$AA?9?$AAC?$AAH?$AAS@ 00000001400149b8     libucrt:lcidtoname_downlevel.obj
 0002:000039c8       ??_C@_15LJNHCMNK@?$AAc?$AAs@ 00000001400149c8     libucrt:lcidtoname_downlevel.obj
 0002:000039d0       ??_C@_15FOMCIDHG@?$AAd?$AAa@ 00000001400149d0     libucrt:lcidtoname_downlevel.obj
 0002:000039d8       ??_C@_15NBKABECB@?$AAd?$AAe@ 00000001400149d8     libucrt:lcidtoname_downlevel.obj
 0002:000039e0       ??_C@_15GHPEIIAO@?$AAe?$AAl@ 00000001400149e0     libucrt:lcidtoname_downlevel.obj
 0002:000039e8       ??_C@_15MNPNEAIF@?$AAe?$AAn@ 00000001400149e8     libucrt:lcidtoname_downlevel.obj
 0002:000039f0       ??_C@_15GPIOMPMH@?$AAe?$AAs@ 00000001400149f0     libucrt:lcidtoname_downlevel.obj
 0002:000039f8       ??_C@_15NGLOAKJC@?$AAf?$AAi@ 00000001400149f8     libucrt:lcidtoname_downlevel.obj
 0002:00003a00       ??_C@_15FBKGNKAM@?$AAf?$AAr@ 0000000140014a00     libucrt:lcidtoname_downlevel.obj
 0002:00003a08       ??_C@_15KGGCNEFK@?$AAh?$AAe@ 0000000140014a08     libucrt:lcidtoname_downlevel.obj
[...]
 0002:00008ab0       $chain$0$?get_raw_ptd@__crt_cached_ptd_host@@QEAAPEAU__acrt_ptd@@XZ 0000000140019ab0     libucrt:output.obj
 0002:00008ac4       $chain$1$?get_raw_ptd@__crt_cached_ptd_host@@QEAAPEAU__acrt_ptd@@XZ 0000000140019ac4     libucrt:output.obj
 0002:00008ad8       $xdatasym                  0000000140019ad8     libucrt:strncmp.obj
 0002:00008adc       $unwind$_free_base         0000000140019adc     libucrt:free_base.obj
 0002:00008adc       $unwind$?destroy_fls@@YAXPEAX@Z 0000000140019adc     libucrt:per_thread_data.obj
 0002:00008adc       $unwind$__acrt_locale_free_numeric 0000000140019adc     libucrt:initnum.obj
 0002:00008adc       $unwind$__acrt_locale_free_lc_time_if_unreferenced 0000000140019adc     libucrt:locale_refcounting.obj
 0002:00008ae4       $unwind$?construct_ptd_array@@YAXQEAU__acrt_ptd@@@Z 0000000140019ae4     libucrt:per_thread_data.obj
 0002:00008aec       $unwind$?destroy_ptd_array@@YAXQEAU__acrt_ptd@@@Z 0000000140019aec     libucrt:per_thread_data.obj
 0002:00008af4       $unwind$??$?RV<lambda_0ae27a3a962d80f24befdcbee591983d>@@AEAV<lambda_8d0ee55de4b1038c4002e0adecdf1839>@@V<lambda_dc504788e8f1664fe9b84e20bfb512f2>@@@?$__crt_seh_guarded_call@X@@QEAAX$$QEAV<lambda_0ae27a3a962d80f24befdcbee591983d>@@AEAV<lambda_8d0ee55de4b1038c4002e0adecdf1839>@@$$QEAV<lambda_dc504788e8f1664fe9b84e20bfb512f2>@@@Z 0000000140019af4     libucrt:per_thread_data.obj
 0002:00008b18       $unwind$??$?RV<lambda_aa87e3671a710a21b5dc78c0bdf72e11>@@AEAV<lambda_92619d2358a28f41a33ba319515a20b9>@@V<lambda_6992ecaafeb10aed2b74cb1fae11a551>@@@?$__crt_seh_guarded_call@X@@QEAAX$$QEAV<lambda_aa87e3671a710a21b5dc78c0bdf72e11>@@AEAV<lambda_92619d2358a28f41a33ba319515a20b9>@@$$QEAV<lambda_6992ecaafeb10aed2b74cb1fae11a551>@@@Z 0000000140019b18     libucrt:per_thread_data.obj
 0002:00008b3c       $unwind$??$?RV<lambda_f2e299630e499de9f9a165e60fcd3db5>@@AEAV<lambda_2ae9d31cdba2644fcbeaf08da7c24588>@@V<lambda_40d01ff24d0e7b3814fdbdcee8eab3c7>@@@?$__crt_seh_guarded_call@X@@QEAAX$$QEAV<lambda_f2e299630e499de9f9a165e60fcd3db5>@@AEAV<lambda_2ae9d31cdba2644fcbeaf08da7c24588>@@$$QEAV<lambda_40d01ff24d0e7b3814fdbdcee8eab3c7>@@@Z 0000000140019b3c     libucrt:per_thread_data.obj
 0002:00008b60       $unwind$??$?RV<lambda_2d41944a1d46af3157314b8a01080d33>@@AEAV<lambda_8f455de75cd7d7f24b4096f044d8b9e6>@@V<lambda_aa500f224e6afead328df44964fe2772>@@@?$__crt_seh_guarded_call@X@@QEAAX$$QEAV<lambda_2d41944a1d46af3157314b8a01080d33>@@AEAV<lambda_8f455de75cd7d7f24b4096f044d8b9e6>@@$$QEAV<lambda_aa500f224e6afead328df44964fe2772>@@@Z 0000000140019b60     libucrt:per_thread_data.obj
 0002:00008b84       $unwind$_invalid_parameter_noinfo 0000000140019b84     libucrt:invalid_parameter.obj
 0002:00008b84       $unwind$_log10_special     0000000140019b84     libucrt:log_special.obj
 0002:00008b8c       $unwind$__acrt_call_reportfault 0000000140019b8c     libucrt:invalid_parameter.obj
 0002:00008bac       $unwind$??$common_lseek_nolock@_J@@YA_JH_JHAEAV__crt_cached_ptd_host@@@Z 0000000140019bac     libucrt:lseek.obj
 0002:00008bac       $unwind$_invalid_parameter_internal 0000000140019bac     libucrt:invalid_parameter.obj
 0002:00008bc0       $unwind$?get_raw_ptd_noexit@__crt_cached_ptd_host@@QEAAPEAU__acrt_ptd@@XZ 0000000140019bc0     libucrt:invalid_parameter.obj
 0002:00008bd0       $unwind$_invalid_parameter 0000000140019bd0     libucrt:invalid_parameter.obj
 0002:00008bdc       $unwind$??$common_expand_argv_wildcards@D@@YAHQEAPEADQEAPEAPEAD@Z 0000000140019bdc     libucrt:argv_wildcards.obj
 0002:00008bf4       $unwind$__dcrt_get_narrow_environment_from_os 0000000140019bf4     libucrt:get_environment_from_os.obj
 0002:00008bf4       $unwind$??$__acrt_convert_wcs_mbs_cp@_WDV<lambda_d8593a27d1aa8c02be35c86a17d324c4>@@U__crt_win32_buffer_internal_dynamic_resizing@@@@YAHQEB_WAEAV?$__crt_win32_buffer@DU__crt_win32_buffer_internal_dynamic_resizing@@@@AEBV<lambda_d8593a27d1aa8c02be35c86a17d324c4>@@I@Z 0000000140019bf4     libucrt:argv_wildcards.obj
 0002:00008c0c       $unwind$??$copy_and_add_argument_to_buffer@D@@YAHQEBD0_KAEAV?$argument_list@D@?A0x5f5c8891@@@Z 0000000140019c0c     libucrt:argv_wildcards.obj
 0002:00008c28       $unwind$??$expand_argument_wildcards@D@@YAHQEAD0AEAV?$argument_list@D@?A0x5f5c8891@@@Z 0000000140019c28     libucrt:argv_wildcards.obj
 0002:00008c48       $unwind$__acrt_GetModuleFileNameA 0000000140019c48     libucrt:getmodulefilenamea.obj
 0002:00008c64       $unwind$__dcrt_write_console 0000000140019c64     libucrt:initcon.obj
 0002:00008c64       $unwind$??$__acrt_convert_wcs_mbs_cp@_WDV<lambda_f788ae46380686e8b737efdd8c720d07>@@U__crt_win32_buffer_no_resizing@@@@YAHQEB_WAEAV?$__crt_win32_buffer@DU__crt_win32_buffer_no_resizing@@@@AEBV<lambda_f788ae46380686e8b737efdd8c720d07>@@I@Z 0000000140019c64     libucrt:getmodulefilenamea.obj
 0002:00008c78       $unwind$_setmbcp_nolock    0000000140019c78     libucrt:mbctype.obj
 0002:00008c98       $unwind$__dcrt_lowio_ensure_console_output_initialized 0000000140019c98     libucrt:initcon.obj
 0002:00008c98       $unwind$?__mbrtowc_utf8@__crt_mbstring@@YA_KPEA_WPEBD_KPEAU_Mbstatet@@AEAV__crt_cached_ptd_host@@@Z 0000000140019c98     libucrt:mbrtowc.obj
 0002:00008c98       $unwind$?getSystemCP@@YAHH@Z 0000000140019c98     libucrt:mbctype.obj
 0002:00008ca0       $unwind$?update_thread_multibyte_data_internal@@YAPEAU__crt_multibyte_data@@QEAU__acrt_ptd@@QEAPEAU1@@Z 0000000140019ca0     libucrt:mbctype.obj
 0002:00008cc8       $unwind$?setmbcp_internal@@YAHH_NQEAU__acrt_ptd@@QEAPEAU__crt_multibyte_data@@@Z 0000000140019cc8     libucrt:mbctype.obj
 0002:00008ce0       $unwind$?setSBUpLow@@YAXPEAU__crt_multibyte_data@@@Z 0000000140019ce0     libucrt:mbctype.obj
 0002:00008cfc       $unwind$??$?RV<lambda_efdfa57d1f175319df784efa44bb7b81>@@AEAV<lambda_5f0a4c1567f8adc6734073e5d1e1b35c>@@V<lambda_2e8a7d3640ea6ccb4c2413664c2db6fd>@@@?$__crt_seh_guarded_call@X@@QEAAX$$QEAV<lambda_efdfa57d1f175319df784efa44bb7b81>@@AEAV<lambda_5f0a4c1567f8adc6734073e5d1e1b35c>@@$$QEAV<lambda_2e8a7d3640ea6ccb4c2413664c2db6fd>@@@Z 0000000140019cfc     libucrt:mbctype.obj
 0002:00008d20       $unwind$?x_ismbbtype_l@@YAHPEAU__crt_locale_pointers@@IHH@Z 0000000140019d20     libucrt:ismbbyte.obj
 0002:00008d30       $unwind$__acrt_WideCharToMultiByte 0000000140019d30     libucrt:widechartomultibyte.obj
 0002:00008d3c       $unwind$__acrt_lowio_destroy_handle_array 0000000140019d3c     libucrt:osfinfo.obj
 0002:00008d4c       $unwind$__acrt_lowio_ensure_fh_exists 0000000140019d4c     libucrt:osfinfo.obj
 0002:00008d78       $unwind$__acrt_initialize_lowio 0000000140019d78     libucrt:ioinit.obj
 0002:00008d98       $unwind$?initialize_inherited_file_handles_nolock@@YAXXZ 0000000140019d98     libucrt:ioinit.obj
 0002:00008db4       $unwind$__acrt_locale_free_monetary 0000000140019db4     libucrt:initmon.obj
 0002:00008dbc       $unwind$__acrt_locale_free_time 0000000140019dbc     libucrt:inittime.obj
 0002:00008dcc       $unwind$__acrt_GetStringTypeA 0000000140019dcc     libucrt:getstringtypea.obj
 0002:00008df4       $unwind$__acrt_update_thread_locale_data 0000000140019df4     libucrt:locale_refcounting.obj
 0002:00008e18       $unwind$__acrt_initialize_winapi_thunks 0000000140019e18     libucrt:winapi_thunks.obj
 0002:00008e20       $unwind$__acrt_LCMapStringEx 0000000140019e20     libucrt:winapi_thunks.obj
 0002:00008e34       $unwind$raise              0000000140019e34     libucrt:signal.obj
 0002:00008e74       $unwind$??$?RV<lambda_450d765d439847d4c735a33c368b5fc0>@@AEAV<lambda_44731a7d0e6d81c3e6aa82d741081786>@@V<lambda_601a2a7da3b7a96e9554ac7215c4b07c>@@@?$__crt_seh_guarded_call@P6AXH@Z@@QEAAP6AXH@Z$$QEAV<lambda_450d765d439847d4c735a33c368b5fc0>@@AEAV<lambda_44731a7d0e6d81c3e6aa82d741081786>@@$$QEAV<lambda_601a2a7da3b7a96e9554ac7215c4b07c>@@@Z 0000000140019e74     libucrt:signal.obj
 0002:00008e98       $unwind$fclose             0000000140019e98     libucrt:fclose.obj
 0002:00008e98       $unwind$_fflush_nolock     0000000140019e98     libucrt:fflush.obj
 0002:00008ea8       $unwind$?common_flush_all@@YAH_N@Z 0000000140019ea8     libucrt:fflush.obj
 0002:00008eb0       $unwind$??$?RV<lambda_842d9ff0dc9ef11c61343bbaebe7f885>@@AEAV<lambda_c5860995281e5c4ce005b3de8f5874ee>@@V<lambda_d90129c13df834fdcbf8d2b88dafcf2d>@@@?$__crt_seh_guarded_call@X@@QEAAX$$QEAV<lambda_842d9ff0dc9ef11c61343bbaebe7f885>@@AEAV<lambda_c5860995281e5c4ce005b3de8f5874ee>@@$$QEAV<lambda_d90129c13df834fdcbf8d2b88dafcf2d>@@@Z 0000000140019eb0     libucrt:fflush.obj
 0002:00008ed4       $unwind$??$?RV<lambda_886d6c58226a84441f68b9f2b8217b83>@@AEAV<lambda_ab61a845afdef5b7c387490eaf3616ee>@@V<lambda_f7f22ab5edc0698d5f6905b0d3f44752>@@@?$__crt_seh_guarded_call@X@@QEAAX$$QEAV<lambda_886d6c58226a84441f68b9f2b8217b83>@@AEAV<lambda_ab61a845afdef5b7c387490eaf3616ee>@@$$QEAV<lambda_f7f22ab5edc0698d5f6905b0d3f44752>@@@Z 0000000140019ed4     libucrt:fflush.obj
 0002:00008efc       $unwind$qsort              0000000140019efc     libucrt:qsort.obj
 0002:00008f14       $chain$4$qsort             0000000140019f14     libucrt:qsort.obj
 0002:00008f38       $chain$5$qsort             0000000140019f38     libucrt:qsort.obj
 0002:00008f48       $unwind$strpbrk            0000000140019f48     libucrt:strpbrk.obj
 0002:00008f58       $unwind$fallbackMethod     0000000140019f58     libucrt:strpbrk.obj
 0002:00008f68       $unwind$_mbsdec_l          0000000140019f68     libucrt:mbsdec.obj
 0002:00008f74       $unwind$__acrt_LCMapStringA 0000000140019f74     libucrt:lcmapstringa.obj
 0002:00008f84       $unwind$?__acrt_LCMapStringA_stat@@YAHPEAU__crt_locale_pointers@@PEB_WKPEBDHPEADHHH@Z 0000000140019f84     libucrt:lcmapstringa.obj
 0002:00008fac       $unwind$_commit            0000000140019fac     libucrt:commit.obj
 0002:00008fb4       $unwind$??$?RV<lambda_a37b2b86f63e897a80ea819b0eb08c01>@@AEAV<lambda_38ce7e780aa69e748d6df282ebc68efe>@@V<lambda_99fb1378e971ab6e7edea83e3a7a83a2>@@@?$__crt_seh_guarded_call@H@@QEAAH$$QEAV<lambda_a37b2b86f63e897a80ea819b0eb08c01>@@AEAV<lambda_38ce7e780aa69e748d6df282ebc68efe>@@$$QEAV<lambda_99fb1378e971ab6e7edea83e3a7a83a2>@@@Z 0000000140019fb4     libucrt:commit.obj
 0002:00008fd8       $unwind$_write_nolock      0000000140019fd8     libucrt:write.obj
 0002:00008ff0       $unwind$_write_internal    0000000140019ff0     libucrt:write.obj
 0002:0000901c       $unwind$_write_internal$fin$0 000000014001a01c     libucrt:write.obj
 0002:0000901c       $unwind$?fin$0@?0??_fclose_internal@@YAHQEAU_iobuf@@AEAV__crt_cached_ptd_host@@@Z@4HA 000000014001a01c     libucrt:fclose.obj
 0002:00009024       $unwind$?write_double_translated_ansi_nolock@@YA?AUwrite_result@?A0x17268360@@HQEBDIAEAV__crt_cached_ptd_host@@@Z 000000014001a024     libucrt:write.obj
 0002:00009050       $ip2state$?write_double_translated_ansi_nolock@@YA?AUwrite_result@?A0x17268360@@HQEBDIAEAV__crt_cached_ptd_host@@@Z 000000014001a050     libucrt:write.obj
 0002:00009058       $unwind$?write_text_ansi_nolock@@YA?AUwrite_result@?A0x17268360@@HQEBDI@Z 000000014001a058     libucrt:write.obj
 0002:00009058       $unwind$?write_text_utf16le_nolock@@YA?AUwrite_result@?A0x17268360@@HQEBDI@Z 000000014001a058     libucrt:write.obj
 0002:00009078       $unwind$?write_text_utf8_nolock@@YA?AUwrite_result@?A0x17268360@@HQEBDI@Z 000000014001a078     libucrt:write.obj
 0002:0000909c       $unwind$_fcloseall         000000014001a09c     libucrt:closeall.obj
 0002:000090c0       $unwind$?__mbsrtowcs_utf8@__crt_mbstring@@YA_KPEA_WPEAPEBD_KPEAU_Mbstatet@@AEAV__crt_cached_ptd_host@@@Z 000000014001a0c0     libucrt:mbrtowc.obj
 0002:000090d8       $unwind$_putwch_nolock     000000014001a0d8     libucrt:putwch.obj
 0002:000090e0       $unwind$?_fclose_nolock_internal@@YAHQEAU_iobuf@@AEAV__crt_cached_ptd_host@@@Z 000000014001a0e0     libucrt:fclose.obj
 0002:000090f0       $unwind$?_fclose_internal@@YAHQEAU_iobuf@@AEAV__crt_cached_ptd_host@@@Z 000000014001a0f0     libucrt:fclose.obj
 0002:00009118       $xdatasym                  000000014001a118     libucrt:log10.obj
 0002:00009124       $unwind$?__mbrtoc32_utf8@__crt_mbstring@@YA_KPEA_UPEBD_KPEAU_Mbstatet@@AEAV__crt_cached_ptd_host@@@Z 000000014001a124     libucrt:mbrtoc32.obj
 0002:00009140       $unwind$_close_internal    000000014001a140     libucrt:close.obj
 0002:00009148       $unwind$??$?RV<lambda_ad8af0d99a0adf03d037d7dffe354bb5>@@AEAV<lambda_c9ba49e555ba839a7b07aa3fbecb7617>@@V<lambda_2f1ebd5d68526518146ae959c9e734c8>@@@?$__crt_seh_guarded_call@H@@QEAAH$$QEAV<lambda_ad8af0d99a0adf03d037d7dffe354bb5>@@AEAV<lambda_c9ba49e555ba839a7b07aa3fbecb7617>@@$$QEAV<lambda_2f1ebd5d68526518146ae959c9e734c8>@@@Z 000000014001a148     libucrt:close.obj
 0002:0000916c       $unwind$_call_matherr      000000014001a16c     libucrt:libm_error.obj
 0002:00009174       $unwind$_handle_error      000000014001a174     libucrt:libm_error.obj
 0002:00009194       $unwind$__acrt_initialize_fma3 000000014001a194     libucrt:fma3_available.obj
 0002:0000919c       $unwind$_log_special_common 000000014001a19c     libucrt:log_special.obj
 0002:000091a8       $xdatasym                  000000014001a1a8     libucrt:fpsr.obj
 0002:000091b0       $unwind$_raise_exc_ex      000000014001a1b0     libucrt:fpexcept.obj
 0002:000091c4       $unwind$_ctrlfp            000000014001a1c4     libucrt:fpctrl.obj
 0002:000091ec       $unwind$_IsNonwritableInCurrentImage 000000014001a1ec     LIBCMT:pesect.obj
 0002:00009210       $xdatasym                  000000014001a210     LIBCMT:chkstk.obj
 0002:0000971a       .idata$6                   000000014001a71a     user32:USER32.dll
 0002:00009736       .idata$6                   000000014001a736     gdi32:GDI32.dll
 0002:000098b0       .idata$6                   000000014001a8b0     kernel32:KERNEL32.dll
 0003:00000070       ?__vcrt_flsindex@@3KA      000000014001b070     libvcruntime:per_thread_data.obj
 0003:00000090       ?__acrt_flsindex@@3KA      000000014001b090     libucrt:per_thread_data.obj
 0003:00000094       ?errno_no_memory@@3HA      000000014001b094     libucrt:errno.obj
 0003:00000098       ?doserrno_no_memory@@3KA   000000014001b098     libucrt:errno.obj
 0003:000002d0       _mbctypes                  000000014001b2d0     libucrt:mbctype.obj
 0003:000003e0       _mbcasemaps                000000014001b3e0     libucrt:mbctype.obj
 0003:000004e0       ?__rgctypeflag@@3PADA      000000014001b4e0     libucrt:mbctype.obj
 0003:000004f0       ?__rgcode_page_info@@3PAUcode_page_info@@A 000000014001b4f0     libucrt:mbctype.obj
 0003:00000a10       ?__dcrt_lowio_console_output_handle@@3PEAXEA 000000014001ba10     libucrt:initcon.obj
 0003:00000a20       ?dazSupported@?1??_ctrlfp@@9@9 000000014001ba20     libucrt:fpctrl.obj
 0003:00000b00       ?GlobalState@@3Uglobal_state@@A 000000014001bb00     main.obj
 0003:00000b20       GS_ExceptionRecord         000000014001bb20     LIBCMT:gs_report.obj
 0003:00000bc0       GS_ContextRecord           000000014001bbc0     LIBCMT:gs_report.obj
 0003:000010a0       ?is_initialized_as_dll@@3_NA 000000014001c0a0     LIBCMT:utility.obj
 0003:000010a1       ?module_local_atexit_table_initialized@@3_NA 000000014001c0a1     LIBCMT:utility.obj
 0003:000010a8       ?module_local_atexit_table@@3U_onexit_table_t@@A 000000014001c0a8     LIBCMT:utility.obj
 0003:000010c0       ?module_local_at_quick_exit_table@@3U_onexit_table_t@@A 000000014001c0c0     LIBCMT:utility.obj
 0003:00001110       ?__vcrt_startup_thread_ptd@@3U__vcrt_ptd@@A 000000014001c110     libvcruntime:per_thread_data.obj
 0003:00001190       __vcrt_lock_table          000000014001c190     libvcruntime:locks.obj
 0003:000011b8       __vcrt_locks_initialized   000000014001c1b8     libvcruntime:locks.obj
 0003:00001200       ?heap@@3V_HeapManager@@A   000000014001c200     libvcruntime:undname.obj
 0003:00001228       ?module_handles@@3PAPEAUHINSTANCE__@@A 000000014001c228     libvcruntime:winapi_downlevel.obj
 0003:00001240       ?function_pointers@@3PAPEAXA 000000014001c240     libvcruntime:winapi_downlevel.obj
 0003:00001270       ?__acrt_app_type@@3W4_crt_app_type@@A 000000014001c270     libucrt:report_runtime_error.obj
 0003:00001278       ?user_matherr@@3V?$dual_state_global@P6AHPEAU_exception@@@Z@__crt_state_management@@A 000000014001c278     libucrt:matherr.obj
 0003:00001280       ?program_name@?1???$common_configure_argv@D@@YAHW4_crt_argv_mode@@@Z@4PADA 000000014001c280     libucrt:argv_parsing.obj
 0003:000013a8       ?empty_string@?1???$common_wincmdln@E@@YAPEAEXZ@4PAEA 000000014001c3a8     libucrt:argv_winmain.obj
 0003:000013ac       ?c_termination_complete@@3JA 000000014001c3ac     libucrt:exit.obj
 0003:000013b0       ?thread_local_exit_callback_func@@3P6AXPEAXK0@ZEA 000000014001c3b0     libucrt:exit.obj
 0003:000013b8       ?c_exit_complete@?1???R<lambda_6e4b09c48022b2350581041d5f6b0c4c>@@QEBA@XZ@4_NA 000000014001c3b8     libucrt:exit.obj
 0003:000013c0       ?__acrt_global_new_mode@@3V?$dual_state_global@J@__crt_state_management@@A 000000014001c3c0     libucrt:new_mode.obj
 0003:000013c8       ?__acrt_new_handler@@3V?$dual_state_global@P6AH_K@Z@__crt_state_management@@A 000000014001c3c8     libucrt:new_handler.obj
 0003:00001400       ?__acrt_invalid_parameter_handler@@3V?$dual_state_global@P6AXPEB_W00I_K@Z@__crt_state_management@@A 000000014001c400     libucrt:invalid_parameter.obj
 0003:00001420       ?fSystemSet@@3HA           000000014001c420     libucrt:mbctype.obj
 0003:00001424       ?initialized@?1??__acrt_initialize_multibyte@@9@4_NA 000000014001c424     libucrt:mbctype.obj
 0003:00001460       ?__acrt_lock_table@@3PAU_RTL_CRITICAL_SECTION@@A 000000014001c460     libucrt:locks.obj
 0003:00001690       ?__acrt_locks_initialized@@3IA 000000014001c690     libucrt:locks.obj
 0003:00001ab0       ?module_handles@@3PAPEAUHINSTANCE__@@A 000000014001cab0     libucrt:winapi_thunks.obj
 0003:00001b60       ?encoded_function_pointers@@3PAPEAXA 000000014001cb60     libucrt:winapi_thunks.obj
 0003:00001c68       ?ctrlc_action@@3V?$dual_state_global@P6AXH@Z@__crt_state_management@@A 000000014001cc68     libucrt:signal.obj
 0003:00001c70       ?ctrlbreak_action@@3V?$dual_state_global@P6AXH@Z@__crt_state_management@@A 000000014001cc70     libucrt:signal.obj
 0003:00001c78       ?abort_action@@3V?$dual_state_global@P6AXH@Z@__crt_state_management@@A 000000014001cc78     libucrt:signal.obj
 0003:00001c80       ?term_action@@3V?$dual_state_global@P6AXH@Z@__crt_state_management@@A 000000014001cc80     libucrt:signal.obj
 0003:00001ca8       ?internal_state@?1??_mbtowc_internal@@9@4U_Mbstatet@@A 000000014001cca8     libucrt:mbtowc.obj
 0003:00001cb0       ?internal_pst@?1??__mbrtoc32_utf8@__crt_mbstring@@YA_KPEA_UPEBD_KPEAU_Mbstatet@@AEAV__crt_cached_ptd_host@@@Z@4U3@A 000000014001ccb0     libucrt:mbrtoc32.obj
 0005:00000000       MoveSmall                  000000014001f000     libvcruntime:memcpy_avx_ermsb_aligned.obj
 0005:00000040       MoveSmallYmm               000000014001f040     libvcruntime:memcpy_avx_ermsb_aligned.obj
 0005:00000064       MoveSmallYmmNT             000000014001f064     libvcruntime:memcpy_avx_ermsb_aligned.obj
 0005:00000090       MoveSmall                  000000014001f090     libvcruntime:memcpy_avx_ermsb_aligned_amd.obj
 0005:000000d0       MoveSmallYmm               000000014001f0d0     libvcruntime:memcpy_avx_ermsb_aligned_amd.obj
 0005:000000f4       MoveSmallYmmNT             000000014001f0f4     libvcruntime:memcpy_avx_ermsb_aligned_amd.obj
 0005:00000120       MoveSmall                  000000014001f120     libvcruntime:memcpy_sse2_ermsb_aligned.obj
 0005:00000160       MoveSmallXmm               000000014001f160     libvcruntime:memcpy_sse2_ermsb_aligned.obj
 0005:00000190       MoveSmall                  000000014001f190     libvcruntime:memcpy_sse2_ermsb_aligned_amd.obj
 0005:000001d0       MoveSmallXmm               000000014001f1d0     libvcruntime:memcpy_sse2_ermsb_aligned_amd.obj
